

================================================================
== Synthesis Summary Report of 'svd_top1'
================================================================
+ General Information: 
    * Date:           Sat Apr 29 12:08:12 2023
    * Version:        2020.2 (Build 3064766 on Wed Nov 18 09:12:47 MST 2020)
    * Project:        svd_enc
    * Solution:       solution1 (Vivado IP Flow Target)
    * Product family: virtexuplus
    * Target device:  xcvu9p-flga2104-2L-e
    

+ Performance & Resource Estimates: 
    
    PS: '+' for module; 'o' for loop; '*' for dataflow
    +--------------------------------------------------------------------------+--------+-------+---------+-----------+----------+---------+------+----------+----------+----------+------------+------------+-----+
    |                                  Modules                                 |  Issue |       | Latency |  Latency  | Iteration|         | Trip |          |          |          |            |            |     |
    |                                  & Loops                                 |  Type  | Slack | (cycles)|    (ns)   |  Latency | Interval| Count| Pipelined|   BRAM   |    DSP   |     FF     |     LUT    | URAM|
    +--------------------------------------------------------------------------+--------+-------+---------+-----------+----------+---------+------+----------+----------+----------+------------+------------+-----+
    |+ svd_top1                                                                |  Timing|   0.11|        -|          -|         -|        -|     -|        no|  38 (~0%)|   81 (1%)|  43892 (1%)|  60977 (5%)|    -|
    | + grp_svd_pairs_32_32_svd_traits_32_32_float_float_float_float_s_fu_778  |  Timing|   0.11|   314176|  3.142e+06|         -|   314176|     -|        no|  12 (~0%)|   81 (1%)|  26281 (1%)|  41019 (3%)|    -|
    |  + grp_calc_angle_float_float_s_fu_5484                                  |       -|  -0.23|       38|    380.000|         -|        4|     -|       yes|         -|  17 (~0%)|  2057 (~0%)|  1334 (~0%)|    -|
    |  o col_load                                                              |       -|  -7.30|      560|  5.600e+03|        35|        -|    16|        no|         -|         -|           -|           -|    -|
    |   o row_load                                                             |       -|  -7.30|       32|    320.000|         2|        1|    32|       yes|         -|         -|           -|           -|    -|
    |  o sweep_loop_step_loop                                                  |       -|  -7.30|   313100|  3.131e+06|      1010|        -|   310|        no|         -|         -|           -|           -|    -|
    |   o diag_index_update                                                    |      II|  -7.30|       32|    320.000|         2|        2|    16|       yes|         -|         -|           -|           -|    -|
    |   o diag_px                                                              |       -|  -7.30|      195|  1.950e+03|        76|        8|    16|       yes|         -|         -|           -|           -|    -|
    |   o off_diag_px                                                          |      II|  -7.30|      768|  7.680e+03|        48|       48|    16|       yes|         -|         -|           -|           -|    -|
    |  o col_store_row_store                                                   |       -|  -7.30|      512|  5.120e+03|         2|        1|   512|       yes|         -|         -|           -|           -|    -|
    | + grp_aesCtrDecrypt_128u_s_fu_786                                        |       -|  -4.55|        -|          -|         -|        -|     -|        no|         -|         -|  6625 (~0%)|  7607 (~0%)|    -|
    |  + grp_process_r_fu_199                                                  |       -|  -5.73|       19|    190.000|         -|        1|     -|       yes|         -|         -|  3156 (~0%)|  5154 (~0%)|    -|
    |  + grp_updateKey_fu_219                                                  |       -|  -5.15|       12|    120.000|         -|       12|     -|        no|         -|         -|  1430 (~0%)|   252 (~0%)|    -|
    |   o VITIS_LOOP_451_1                                                     |       -|  -7.30|       10|    100.000|         2|        1|    10|       yes|         -|         -|           -|           -|    -|
    |  o decryption_ctr_loop                                                   |       -|  -7.30|        -|          -|        21|        1|     -|       yes|         -|         -|           -|           -|    -|
    | + grp_aesCtrEncrypt_128u_s_fu_802                                        |       -|  -4.55|        -|          -|         -|        -|     -|        no|         -|         -|  6625 (~0%)|  7607 (~0%)|    -|
    |  + grp_process_r_fu_199                                                  |       -|  -5.73|       19|    190.000|         -|        1|     -|       yes|         -|         -|  3156 (~0%)|  5154 (~0%)|    -|
    |  + grp_updateKey_fu_219                                                  |       -|  -5.15|       12|    120.000|         -|       12|     -|        no|         -|         -|  1430 (~0%)|   252 (~0%)|    -|
    |   o VITIS_LOOP_451_1                                                     |       -|  -7.30|       10|    100.000|         2|        1|    10|       yes|         -|         -|           -|           -|    -|
    |  o encryption_ctr_loop                                                   |       -|  -7.30|        -|          -|        21|        1|     -|       yes|         -|         -|           -|           -|    -|
    | o a_row_loop_a_col_loop                                                  |       -|  -7.30|     1025|  1.025e+04|         3|        1|  1024|       yes|         -|         -|           -|           -|    -|
    | o crypto_buff_loop                                                       |       -|  -7.30|      129|  1.290e+03|         3|        1|   128|       yes|         -|         -|           -|           -|    -|
    | o VITIS_LOOP_127_3                                                       |       -|  -7.30|     1024|  1.024e+04|         2|        1|  1024|       yes|         -|         -|           -|           -|    -|
    | o VITIS_LOOP_138_4                                                       |       -|  -7.30|        -|          -|         2|        1|     -|       yes|         -|         -|           -|           -|    -|
    | o VITIS_LOOP_73_3                                                        |       -|  -7.30|     1024|  1.024e+04|         2|        1|  1024|       yes|         -|         -|           -|           -|    -|
    | o VITIS_LOOP_84_4                                                        |       -|  -7.30|        -|          -|         2|        1|     -|       yes|         -|         -|           -|           -|    -|
    | o crypto_buff_write_loop                                                 |       -|  -7.30|      129|  1.290e+03|         3|        1|   128|       yes|         -|         -|           -|           -|    -|
    | o s_row_loop_s_col_loop                                                  |       -|  -7.30|     1025|  1.025e+04|         3|        1|  1024|       yes|         -|         -|           -|           -|    -|
    | o u_row_loop_u_col_loop                                                  |       -|  -7.30|     1025|  1.025e+04|         3|        1|  1024|       yes|         -|         -|           -|           -|    -|
    | o v_row_loop_v_col_loop                                                  |       -|  -7.30|     1025|  1.025e+04|         3|        1|  1024|       yes|         -|         -|           -|           -|    -|
    +--------------------------------------------------------------------------+--------+-------+---------+-----------+----------+---------+------+----------+----------+----------+------------+------------+-----+

