

================================================================
== Synthesis Summary Report of 'svd_top1'
================================================================
+ General Information: 
    * Date:           Thu Apr 27 00:11:04 2023
    * Version:        2020.2 (Build 3064766 on Wed Nov 18 09:12:47 MST 2020)
    * Project:        svd
    * Solution:       solution1 (Vivado IP Flow Target)
    * Product family: virtexuplus
    * Target device:  xcvu9p-flga2104-2L-e
    

+ Performance & Resource Estimates: 
    
    PS: '+' for module; 'o' for loop; '*' for dataflow
    +--------------------------------------------------------------------------+--------+-------+---------+-----------+----------+---------+------+----------+----------+----------+------------+------------+-----+
    |                                  Modules                                 |  Issue |       | Latency |  Latency  | Iteration|         | Trip |          |          |          |            |            |     |
    |                                  & Loops                                 |  Type  | Slack | (cycles)|    (ns)   |  Latency | Interval| Count| Pipelined|   BRAM   |    DSP   |     FF     |     LUT    | URAM|
    +--------------------------------------------------------------------------+--------+-------+---------+-----------+----------+---------+------+----------+----------+----------+------------+------------+-----+
    |+ svd_top1                                                                |  Timing|   0.11|   318304|  3.183e+06|         -|   318305|     -|        no|  22 (~0%)|   81 (1%)|  27712 (1%)|  43286 (3%)|    -|
    | + grp_svd_pairs_32_32_svd_traits_32_32_float_float_float_float_s_fu_404  |  Timing|   0.11|   314176|  3.142e+06|         -|   314176|     -|        no|  12 (~0%)|   81 (1%)|  26281 (1%)|  41019 (3%)|    -|
    |  + grp_calc_angle_float_float_s_fu_5484                                  |       -|  -0.23|       38|    380.000|         -|        4|     -|       yes|         -|  17 (~0%)|  2057 (~0%)|  1334 (~0%)|    -|
    |  o col_load                                                              |       -|  -7.30|      560|  5.600e+03|        35|        -|    16|        no|         -|         -|           -|           -|    -|
    |   o row_load                                                             |       -|  -7.30|       32|    320.000|         2|        1|    32|       yes|         -|         -|           -|           -|    -|
    |  o sweep_loop_step_loop                                                  |       -|  -7.30|   313100|  3.131e+06|      1010|        -|   310|        no|         -|         -|           -|           -|    -|
    |   o diag_index_update                                                    |      II|  -7.30|       32|    320.000|         2|        2|    16|       yes|         -|         -|           -|           -|    -|
    |   o diag_px                                                              |       -|  -7.30|      195|  1.950e+03|        76|        8|    16|       yes|         -|         -|           -|           -|    -|
    |   o off_diag_px                                                          |      II|  -7.30|      768|  7.680e+03|        48|       48|    16|       yes|         -|         -|           -|           -|    -|
    |  o col_store_row_store                                                   |       -|  -7.30|      512|  5.120e+03|         2|        1|   512|       yes|         -|         -|           -|           -|    -|
    | o a_row_loop_a_col_loop                                                  |       -|  -7.30|     1025|  1.025e+04|         3|        1|  1024|       yes|         -|         -|           -|           -|    -|
    | o s_row_loop_s_col_loop                                                  |       -|  -7.30|     1025|  1.025e+04|         3|        1|  1024|       yes|         -|         -|           -|           -|    -|
    | o u_row_loop_u_col_loop                                                  |       -|  -7.30|     1025|  1.025e+04|         3|        1|  1024|       yes|         -|         -|           -|           -|    -|
    | o v_row_loop_v_col_loop                                                  |       -|  -7.30|     1025|  1.025e+04|         3|        1|  1024|       yes|         -|         -|           -|           -|    -|
    +--------------------------------------------------------------------------+--------+-------+---------+-----------+----------+---------+------+----------+----------+----------+------------+------------+-----+

