

================================================================
== Vitis HLS Report for 'dec_Pipeline_decryption_cbc_loop'
================================================================
* Date:           Mon Apr 17 14:13:33 2023

* Version:        2022.2 (Build 3670227 on Oct 13 2022)
* Project:        proj_axi_master
* Solution:       solution1 (Vivado IP Flow Target)
* Product family: virtexuplus
* Target device:  xcvu9p-flga2104-2-i


================================================================
== Performance Estimates
================================================================
+ Timing: 
    * Summary: 
    +--------+----------+----------+------------+
    |  Clock |  Target  | Estimated| Uncertainty|
    +--------+----------+----------+------------+
    |ap_clk  |  10.00 ns|  2.142 ns|     2.70 ns|
    +--------+----------+----------+------------+

+ Latency: 
    * Summary: 
    +---------+---------+----------+----------+-----+-----+---------+
    |  Latency (cycles) |  Latency (absolute) |  Interval | Pipeline|
    |   min   |   max   |    min   |    max   | min | max |   Type  |
    +---------+---------+----------+----------+-----+-----+---------+
    |        ?|        ?|         ?|         ?|    ?|    ?|       no|
    +---------+---------+----------+----------+-----+-----+---------+

    + Detail: 
        * Instance: 
        N/A

        * Loop: 
        +-----------------------+---------+---------+----------+-----------+-----------+------+----------+
        |                       |  Latency (cycles) | Iteration|  Initiation Interval  | Trip |          |
        |       Loop Name       |   min   |   max   |  Latency |  achieved |   target  | Count| Pipelined|
        +-----------------------+---------+---------+----------+-----------+-----------+------+----------+
        |- decryption_cbc_loop  |        ?|        ?|        21|          1|          1|     ?|       yes|
        +-----------------------+---------+---------+----------+-----------+-----------+------+----------+



================================================================
== Utilization Estimates
================================================================
* Summary: 
+---------------------+---------+------+---------+---------+-----+
|         Name        | BRAM_18K|  DSP |    FF   |   LUT   | URAM|
+---------------------+---------+------+---------+---------+-----+
|DSP                  |        -|     -|        -|        -|    -|
|Expression           |        -|     -|        0|     5008|    -|
|FIFO                 |        -|     -|        -|        -|    -|
|Instance             |        -|     -|        -|        -|    -|
|Memory               |        -|     -|     2944|    11928|    -|
|Multiplexer          |        -|     -|        -|       27|    -|
|Register             |        -|     -|      407|       64|    -|
+---------------------+---------+------+---------+---------+-----+
|Total                |        0|     0|     3351|    17027|    0|
+---------------------+---------+------+---------+---------+-----+
|Available SLR        |     1440|  2280|   788160|   394080|  320|
+---------------------+---------+------+---------+---------+-----+
|Utilization SLR (%)  |        0|     0|       ~0|        4|    0|
+---------------------+---------+------+---------+---------+-----+
|Available            |     4320|  6840|  2364480|  1182240|  960|
+---------------------+---------+------+---------+---------+-----+
|Utilization (%)      |        0|     0|       ~0|        1|    0|
+---------------------+---------+------+---------+---------+-----+

+ Detail: 
    * Instance: 
    N/A

    * DSP: 
    N/A

    * Memory: 
    +---------------------+---------------------------------------------------------------------+---------+------+------+-----+------+-----+------+-------------+
    |        Memory       |                                Module                               | BRAM_18K|  FF  |  LUT | URAM| Words| Bits| Banks| W*Bits*Banks|
    +---------------------+---------------------------------------------------------------------+---------+------+------+-----+------+-----+------+-------------+
    |decipher_0_i32box_U  |dec_Pipeline_decryption_cbc_loop_decipher_0_i32box_ROM_NP_LUTRAM_1R  |        0|  2304|  9288|    0|   256|   32|     1|         8192|
    |decipher_0_iibox_U   |dec_Pipeline_decryption_cbc_loop_decipher_0_iibox_ROM_NP_LUTRAM_1R   |        0|   640|  2640|    0|   256|    8|     1|         2048|
    +---------------------+---------------------------------------------------------------------+---------+------+------+-----+------+-----+------+-------------+
    |Total                |                                                                     |        0|  2944| 11928|    0|   512|   40|     2|        10240|
    +---------------------+---------------------------------------------------------------------+---------+------+------+-----+------+-----+------+-------------+

    * FIFO: 
    N/A

    * Expression: 
    +------------------------------------+----------+----+---+-----+------------+------------+
    |            Variable Name           | Operation| DSP| FF| LUT | Bitwidth P0| Bitwidth P1|
    +------------------------------------+----------+----+---+-----+------------+------------+
    |ap_block_state1_pp0_stage0_iter0    |       and|   0|  0|    2|           1|           1|
    |ap_block_state21_pp0_stage0_iter20  |       and|   0|  0|    2|           1|           1|
    |ap_block_state2_pp0_stage0_iter1    |       and|   0|  0|    2|           1|           1|
    |ap_condition_frp_pvb_no_bkwd_prs    |       and|   0|  0|    2|           1|           1|
    |ap_condition_frp_pvb_pf_start       |       and|   0|  0|    2|           1|           1|
    |pf_all_done                         |       and|   0|  0|    2|           1|           1|
    |pf_sync_continue                    |       and|   0|  0|    2|           1|           1|
    |ap_enable_pp0                       |       xor|   0|  0|    2|           1|           2|
    |pf_plaintextStrm_U_frpsig_data_in   |       xor|   0|  0|  128|         128|         128|
    |ret_V_fu_3924_p2                    |       xor|   0|  0|  128|         128|         128|
    |state_V_46_fu_4204_p2               |       xor|   0|  0|  128|         128|         128|
    |state_V_47_fu_5391_p2               |       xor|   0|  0|  128|         128|         128|
    |state_V_48_fu_6578_p2               |       xor|   0|  0|  128|         128|         128|
    |state_V_49_fu_7765_p2               |       xor|   0|  0|  128|         128|         128|
    |state_V_50_fu_8952_p2               |       xor|   0|  0|  128|         128|         128|
    |state_V_51_fu_10139_p2              |       xor|   0|  0|  128|         128|         128|
    |state_V_52_fu_12513_p2              |       xor|   0|  0|  128|         128|         128|
    |state_V_53_fu_13700_p2              |       xor|   0|  0|  128|         128|         128|
    |state_V_fu_11326_p2                 |       xor|   0|  0|  128|         128|         128|
    |tmp_1_V_19_fu_6420_p2               |       xor|   0|  0|    8|           8|           8|
    |tmp_1_V_20_fu_7607_p2               |       xor|   0|  0|    8|           8|           8|
    |tmp_1_V_21_fu_8794_p2               |       xor|   0|  0|    8|           8|           8|
    |tmp_1_V_22_fu_9981_p2               |       xor|   0|  0|    8|           8|           8|
    |tmp_1_V_23_fu_11168_p2              |       xor|   0|  0|    8|           8|           8|
    |tmp_1_V_24_fu_12355_p2              |       xor|   0|  0|    8|           8|           8|
    |tmp_1_V_25_fu_13542_p2              |       xor|   0|  0|    8|           8|           8|
    |tmp_1_V_26_fu_14729_p2              |       xor|   0|  0|    8|           8|           8|
    |tmp_1_V_fu_5233_p2                  |       xor|   0|  0|    8|           8|           8|
    |tmp_2_1_V_19_fu_6366_p2             |       xor|   0|  0|    8|           8|           8|
    |tmp_2_1_V_20_fu_7553_p2             |       xor|   0|  0|    8|           8|           8|
    |tmp_2_1_V_21_fu_8740_p2             |       xor|   0|  0|    8|           8|           8|
    |tmp_2_1_V_22_fu_9927_p2             |       xor|   0|  0|    8|           8|           8|
    |tmp_2_1_V_23_fu_11114_p2            |       xor|   0|  0|    8|           8|           8|
    |tmp_2_1_V_24_fu_12301_p2            |       xor|   0|  0|    8|           8|           8|
    |tmp_2_1_V_25_fu_13488_p2            |       xor|   0|  0|    8|           8|           8|
    |tmp_2_1_V_26_fu_14675_p2            |       xor|   0|  0|    8|           8|           8|
    |tmp_2_1_V_fu_5179_p2                |       xor|   0|  0|    8|           8|           8|
    |tmp_2_2_V_19_fu_6438_p2             |       xor|   0|  0|    8|           8|           8|
    |tmp_2_2_V_20_fu_7625_p2             |       xor|   0|  0|    8|           8|           8|
    |tmp_2_2_V_21_fu_8812_p2             |       xor|   0|  0|    8|           8|           8|
    |tmp_2_2_V_22_fu_9999_p2             |       xor|   0|  0|    8|           8|           8|
    |tmp_2_2_V_23_fu_11186_p2            |       xor|   0|  0|    8|           8|           8|
    |tmp_2_2_V_24_fu_12373_p2            |       xor|   0|  0|    8|           8|           8|
    |tmp_2_2_V_25_fu_13560_p2            |       xor|   0|  0|    8|           8|           8|
    |tmp_2_2_V_26_fu_14747_p2            |       xor|   0|  0|    8|           8|           8|
    |tmp_2_2_V_fu_5251_p2                |       xor|   0|  0|    8|           8|           8|
    |tmp_3_V_19_fu_6240_p2               |       xor|   0|  0|    8|           8|           8|
    |tmp_3_V_20_fu_7427_p2               |       xor|   0|  0|    8|           8|           8|
    |tmp_3_V_21_fu_8614_p2               |       xor|   0|  0|    8|           8|           8|
    |tmp_3_V_22_fu_9801_p2               |       xor|   0|  0|    8|           8|           8|
    |tmp_3_V_23_fu_10988_p2              |       xor|   0|  0|    8|           8|           8|
    |tmp_3_V_24_fu_12175_p2              |       xor|   0|  0|    8|           8|           8|
    |tmp_3_V_25_fu_13362_p2              |       xor|   0|  0|    8|           8|           8|
    |tmp_3_V_26_fu_14549_p2              |       xor|   0|  0|    8|           8|           8|
    |tmp_3_V_fu_5053_p2                  |       xor|   0|  0|    8|           8|           8|
    |xor_ln1499_438_fu_4993_p2           |       xor|   0|  0|    8|           8|           8|
    |xor_ln1499_439_fu_4999_p2           |       xor|   0|  0|    8|           8|           8|
    |xor_ln1499_440_fu_5005_p2           |       xor|   0|  0|    8|           8|           8|
    |xor_ln1499_441_fu_5011_p2           |       xor|   0|  0|    8|           8|           8|
    |xor_ln1499_442_fu_5017_p2           |       xor|   0|  0|    8|           8|           8|
    |xor_ln1499_443_fu_5023_p2           |       xor|   0|  0|    8|           8|           8|
    |xor_ln1499_444_fu_5029_p2           |       xor|   0|  0|    8|           8|           8|
    |xor_ln1499_445_fu_5035_p2           |       xor|   0|  0|    8|           8|           8|
    |xor_ln1499_446_fu_5041_p2           |       xor|   0|  0|    8|           8|           8|
    |xor_ln1499_447_fu_5047_p2           |       xor|   0|  0|    8|           8|           8|
    |xor_ln1499_449_fu_5059_p2           |       xor|   0|  0|    8|           8|           8|
    |xor_ln1499_450_fu_5065_p2           |       xor|   0|  0|    8|           8|           8|
    |xor_ln1499_451_fu_5071_p2           |       xor|   0|  0|    8|           8|           8|
    |xor_ln1499_452_fu_5077_p2           |       xor|   0|  0|    8|           8|           8|
    |xor_ln1499_453_fu_5083_p2           |       xor|   0|  0|    8|           8|           8|
    |xor_ln1499_454_fu_5089_p2           |       xor|   0|  0|    8|           8|           8|
    |xor_ln1499_455_fu_5095_p2           |       xor|   0|  0|    8|           8|           8|
    |xor_ln1499_456_fu_5101_p2           |       xor|   0|  0|    8|           8|           8|
    |xor_ln1499_457_fu_5107_p2           |       xor|   0|  0|    8|           8|           8|
    |xor_ln1499_458_fu_5113_p2           |       xor|   0|  0|    8|           8|           8|
    |xor_ln1499_459_fu_5119_p2           |       xor|   0|  0|    8|           8|           8|
    |xor_ln1499_460_fu_5125_p2           |       xor|   0|  0|    8|           8|           8|
    |xor_ln1499_461_fu_5131_p2           |       xor|   0|  0|    8|           8|           8|
    |xor_ln1499_462_fu_5137_p2           |       xor|   0|  0|    8|           8|           8|
    |xor_ln1499_463_fu_5143_p2           |       xor|   0|  0|    8|           8|           8|
    |xor_ln1499_464_fu_5149_p2           |       xor|   0|  0|    8|           8|           8|
    |xor_ln1499_465_fu_5155_p2           |       xor|   0|  0|    8|           8|           8|
    |xor_ln1499_466_fu_5161_p2           |       xor|   0|  0|    8|           8|           8|
    |xor_ln1499_467_fu_5167_p2           |       xor|   0|  0|    8|           8|           8|
    |xor_ln1499_468_fu_5173_p2           |       xor|   0|  0|    8|           8|           8|
    |xor_ln1499_470_fu_5185_p2           |       xor|   0|  0|    8|           8|           8|
    |xor_ln1499_471_fu_5191_p2           |       xor|   0|  0|    8|           8|           8|
    |xor_ln1499_472_fu_5197_p2           |       xor|   0|  0|    8|           8|           8|
    |xor_ln1499_473_fu_5203_p2           |       xor|   0|  0|    8|           8|           8|
    |xor_ln1499_474_fu_5209_p2           |       xor|   0|  0|    8|           8|           8|
    |xor_ln1499_475_fu_5215_p2           |       xor|   0|  0|    8|           8|           8|
    |xor_ln1499_476_fu_5221_p2           |       xor|   0|  0|    8|           8|           8|
    |xor_ln1499_477_fu_5227_p2           |       xor|   0|  0|    8|           8|           8|
    |xor_ln1499_479_fu_5239_p2           |       xor|   0|  0|    8|           8|           8|
    |xor_ln1499_480_fu_5245_p2           |       xor|   0|  0|    8|           8|           8|
    |xor_ln1499_482_fu_5257_p2           |       xor|   0|  0|    8|           8|           8|
    |xor_ln1499_483_fu_5263_p2           |       xor|   0|  0|    8|           8|           8|
    |xor_ln1499_484_fu_5269_p2           |       xor|   0|  0|    8|           8|           8|
    |xor_ln1499_485_fu_6174_p2           |       xor|   0|  0|    8|           8|           8|
    |xor_ln1499_486_fu_6180_p2           |       xor|   0|  0|    8|           8|           8|
    |xor_ln1499_487_fu_6186_p2           |       xor|   0|  0|    8|           8|           8|
    |xor_ln1499_488_fu_6192_p2           |       xor|   0|  0|    8|           8|           8|
    |xor_ln1499_489_fu_6198_p2           |       xor|   0|  0|    8|           8|           8|
    |xor_ln1499_490_fu_6204_p2           |       xor|   0|  0|    8|           8|           8|
    |xor_ln1499_491_fu_6210_p2           |       xor|   0|  0|    8|           8|           8|
    |xor_ln1499_492_fu_6216_p2           |       xor|   0|  0|    8|           8|           8|
    |xor_ln1499_493_fu_6222_p2           |       xor|   0|  0|    8|           8|           8|
    |xor_ln1499_494_fu_6228_p2           |       xor|   0|  0|    8|           8|           8|
    |xor_ln1499_495_fu_6234_p2           |       xor|   0|  0|    8|           8|           8|
    |xor_ln1499_497_fu_6246_p2           |       xor|   0|  0|    8|           8|           8|
    |xor_ln1499_498_fu_6252_p2           |       xor|   0|  0|    8|           8|           8|
    |xor_ln1499_499_fu_6258_p2           |       xor|   0|  0|    8|           8|           8|
    |xor_ln1499_500_fu_6264_p2           |       xor|   0|  0|    8|           8|           8|
    |xor_ln1499_501_fu_6270_p2           |       xor|   0|  0|    8|           8|           8|
    |xor_ln1499_502_fu_6276_p2           |       xor|   0|  0|    8|           8|           8|
    |xor_ln1499_503_fu_6282_p2           |       xor|   0|  0|    8|           8|           8|
    |xor_ln1499_504_fu_6288_p2           |       xor|   0|  0|    8|           8|           8|
    |xor_ln1499_505_fu_6294_p2           |       xor|   0|  0|    8|           8|           8|
    |xor_ln1499_506_fu_6300_p2           |       xor|   0|  0|    8|           8|           8|
    |xor_ln1499_507_fu_6306_p2           |       xor|   0|  0|    8|           8|           8|
    |xor_ln1499_508_fu_6312_p2           |       xor|   0|  0|    8|           8|           8|
    |xor_ln1499_509_fu_6318_p2           |       xor|   0|  0|    8|           8|           8|
    |xor_ln1499_510_fu_6324_p2           |       xor|   0|  0|    8|           8|           8|
    |xor_ln1499_511_fu_6330_p2           |       xor|   0|  0|    8|           8|           8|
    |xor_ln1499_512_fu_6336_p2           |       xor|   0|  0|    8|           8|           8|
    |xor_ln1499_513_fu_6342_p2           |       xor|   0|  0|    8|           8|           8|
    |xor_ln1499_514_fu_6348_p2           |       xor|   0|  0|    8|           8|           8|
    |xor_ln1499_515_fu_6354_p2           |       xor|   0|  0|    8|           8|           8|
    |xor_ln1499_516_fu_6360_p2           |       xor|   0|  0|    8|           8|           8|
    |xor_ln1499_518_fu_6372_p2           |       xor|   0|  0|    8|           8|           8|
    |xor_ln1499_519_fu_6378_p2           |       xor|   0|  0|    8|           8|           8|
    |xor_ln1499_520_fu_6384_p2           |       xor|   0|  0|    8|           8|           8|
    |xor_ln1499_521_fu_6390_p2           |       xor|   0|  0|    8|           8|           8|
    |xor_ln1499_522_fu_6396_p2           |       xor|   0|  0|    8|           8|           8|
    |xor_ln1499_523_fu_6402_p2           |       xor|   0|  0|    8|           8|           8|
    |xor_ln1499_524_fu_6408_p2           |       xor|   0|  0|    8|           8|           8|
    |xor_ln1499_525_fu_6414_p2           |       xor|   0|  0|    8|           8|           8|
    |xor_ln1499_527_fu_6426_p2           |       xor|   0|  0|    8|           8|           8|
    |xor_ln1499_528_fu_6432_p2           |       xor|   0|  0|    8|           8|           8|
    |xor_ln1499_530_fu_6444_p2           |       xor|   0|  0|    8|           8|           8|
    |xor_ln1499_531_fu_6450_p2           |       xor|   0|  0|    8|           8|           8|
    |xor_ln1499_532_fu_6456_p2           |       xor|   0|  0|    8|           8|           8|
    |xor_ln1499_533_fu_7361_p2           |       xor|   0|  0|    8|           8|           8|
    |xor_ln1499_534_fu_7367_p2           |       xor|   0|  0|    8|           8|           8|
    |xor_ln1499_535_fu_7373_p2           |       xor|   0|  0|    8|           8|           8|
    |xor_ln1499_536_fu_7379_p2           |       xor|   0|  0|    8|           8|           8|
    |xor_ln1499_537_fu_7385_p2           |       xor|   0|  0|    8|           8|           8|
    |xor_ln1499_538_fu_7391_p2           |       xor|   0|  0|    8|           8|           8|
    |xor_ln1499_539_fu_7397_p2           |       xor|   0|  0|    8|           8|           8|
    |xor_ln1499_540_fu_7403_p2           |       xor|   0|  0|    8|           8|           8|
    |xor_ln1499_541_fu_7409_p2           |       xor|   0|  0|    8|           8|           8|
    |xor_ln1499_542_fu_7415_p2           |       xor|   0|  0|    8|           8|           8|
    |xor_ln1499_543_fu_7421_p2           |       xor|   0|  0|    8|           8|           8|
    |xor_ln1499_545_fu_7433_p2           |       xor|   0|  0|    8|           8|           8|
    |xor_ln1499_546_fu_7439_p2           |       xor|   0|  0|    8|           8|           8|
    |xor_ln1499_547_fu_7445_p2           |       xor|   0|  0|    8|           8|           8|
    |xor_ln1499_548_fu_7451_p2           |       xor|   0|  0|    8|           8|           8|
    |xor_ln1499_549_fu_7457_p2           |       xor|   0|  0|    8|           8|           8|
    |xor_ln1499_550_fu_7463_p2           |       xor|   0|  0|    8|           8|           8|
    |xor_ln1499_551_fu_7469_p2           |       xor|   0|  0|    8|           8|           8|
    |xor_ln1499_552_fu_7475_p2           |       xor|   0|  0|    8|           8|           8|
    |xor_ln1499_553_fu_7481_p2           |       xor|   0|  0|    8|           8|           8|
    |xor_ln1499_554_fu_7487_p2           |       xor|   0|  0|    8|           8|           8|
    |xor_ln1499_555_fu_7493_p2           |       xor|   0|  0|    8|           8|           8|
    |xor_ln1499_556_fu_7499_p2           |       xor|   0|  0|    8|           8|           8|
    |xor_ln1499_557_fu_7505_p2           |       xor|   0|  0|    8|           8|           8|
    |xor_ln1499_558_fu_7511_p2           |       xor|   0|  0|    8|           8|           8|
    |xor_ln1499_559_fu_7517_p2           |       xor|   0|  0|    8|           8|           8|
    |xor_ln1499_560_fu_7523_p2           |       xor|   0|  0|    8|           8|           8|
    |xor_ln1499_561_fu_7529_p2           |       xor|   0|  0|    8|           8|           8|
    |xor_ln1499_562_fu_7535_p2           |       xor|   0|  0|    8|           8|           8|
    |xor_ln1499_563_fu_7541_p2           |       xor|   0|  0|    8|           8|           8|
    |xor_ln1499_564_fu_7547_p2           |       xor|   0|  0|    8|           8|           8|
    |xor_ln1499_566_fu_7559_p2           |       xor|   0|  0|    8|           8|           8|
    |xor_ln1499_567_fu_7565_p2           |       xor|   0|  0|    8|           8|           8|
    |xor_ln1499_568_fu_7571_p2           |       xor|   0|  0|    8|           8|           8|
    |xor_ln1499_569_fu_7577_p2           |       xor|   0|  0|    8|           8|           8|
    |xor_ln1499_570_fu_7583_p2           |       xor|   0|  0|    8|           8|           8|
    |xor_ln1499_571_fu_7589_p2           |       xor|   0|  0|    8|           8|           8|
    |xor_ln1499_572_fu_7595_p2           |       xor|   0|  0|    8|           8|           8|
    |xor_ln1499_573_fu_7601_p2           |       xor|   0|  0|    8|           8|           8|
    |xor_ln1499_575_fu_7613_p2           |       xor|   0|  0|    8|           8|           8|
    |xor_ln1499_576_fu_7619_p2           |       xor|   0|  0|    8|           8|           8|
    |xor_ln1499_578_fu_7631_p2           |       xor|   0|  0|    8|           8|           8|
    |xor_ln1499_579_fu_7637_p2           |       xor|   0|  0|    8|           8|           8|
    |xor_ln1499_580_fu_7643_p2           |       xor|   0|  0|    8|           8|           8|
    |xor_ln1499_581_fu_8548_p2           |       xor|   0|  0|    8|           8|           8|
    |xor_ln1499_582_fu_8554_p2           |       xor|   0|  0|    8|           8|           8|
    |xor_ln1499_583_fu_8560_p2           |       xor|   0|  0|    8|           8|           8|
    |xor_ln1499_584_fu_8566_p2           |       xor|   0|  0|    8|           8|           8|
    |xor_ln1499_585_fu_8572_p2           |       xor|   0|  0|    8|           8|           8|
    |xor_ln1499_586_fu_8578_p2           |       xor|   0|  0|    8|           8|           8|
    |xor_ln1499_587_fu_8584_p2           |       xor|   0|  0|    8|           8|           8|
    |xor_ln1499_588_fu_8590_p2           |       xor|   0|  0|    8|           8|           8|
    |xor_ln1499_589_fu_8596_p2           |       xor|   0|  0|    8|           8|           8|
    |xor_ln1499_590_fu_8602_p2           |       xor|   0|  0|    8|           8|           8|
    |xor_ln1499_591_fu_8608_p2           |       xor|   0|  0|    8|           8|           8|
    |xor_ln1499_593_fu_8620_p2           |       xor|   0|  0|    8|           8|           8|
    |xor_ln1499_594_fu_8626_p2           |       xor|   0|  0|    8|           8|           8|
    |xor_ln1499_595_fu_8632_p2           |       xor|   0|  0|    8|           8|           8|
    |xor_ln1499_596_fu_8638_p2           |       xor|   0|  0|    8|           8|           8|
    |xor_ln1499_597_fu_8644_p2           |       xor|   0|  0|    8|           8|           8|
    |xor_ln1499_598_fu_8650_p2           |       xor|   0|  0|    8|           8|           8|
    |xor_ln1499_599_fu_8656_p2           |       xor|   0|  0|    8|           8|           8|
    |xor_ln1499_600_fu_8662_p2           |       xor|   0|  0|    8|           8|           8|
    |xor_ln1499_601_fu_8668_p2           |       xor|   0|  0|    8|           8|           8|
    |xor_ln1499_602_fu_8674_p2           |       xor|   0|  0|    8|           8|           8|
    |xor_ln1499_603_fu_8680_p2           |       xor|   0|  0|    8|           8|           8|
    |xor_ln1499_604_fu_8686_p2           |       xor|   0|  0|    8|           8|           8|
    |xor_ln1499_605_fu_8692_p2           |       xor|   0|  0|    8|           8|           8|
    |xor_ln1499_606_fu_8698_p2           |       xor|   0|  0|    8|           8|           8|
    |xor_ln1499_607_fu_8704_p2           |       xor|   0|  0|    8|           8|           8|
    |xor_ln1499_608_fu_8710_p2           |       xor|   0|  0|    8|           8|           8|
    |xor_ln1499_609_fu_8716_p2           |       xor|   0|  0|    8|           8|           8|
    |xor_ln1499_610_fu_8722_p2           |       xor|   0|  0|    8|           8|           8|
    |xor_ln1499_611_fu_8728_p2           |       xor|   0|  0|    8|           8|           8|
    |xor_ln1499_612_fu_8734_p2           |       xor|   0|  0|    8|           8|           8|
    |xor_ln1499_614_fu_8746_p2           |       xor|   0|  0|    8|           8|           8|
    |xor_ln1499_615_fu_8752_p2           |       xor|   0|  0|    8|           8|           8|
    |xor_ln1499_616_fu_8758_p2           |       xor|   0|  0|    8|           8|           8|
    |xor_ln1499_617_fu_8764_p2           |       xor|   0|  0|    8|           8|           8|
    |xor_ln1499_618_fu_8770_p2           |       xor|   0|  0|    8|           8|           8|
    |xor_ln1499_619_fu_8776_p2           |       xor|   0|  0|    8|           8|           8|
    |xor_ln1499_620_fu_8782_p2           |       xor|   0|  0|    8|           8|           8|
    |xor_ln1499_621_fu_8788_p2           |       xor|   0|  0|    8|           8|           8|
    |xor_ln1499_623_fu_8800_p2           |       xor|   0|  0|    8|           8|           8|
    |xor_ln1499_624_fu_8806_p2           |       xor|   0|  0|    8|           8|           8|
    |xor_ln1499_626_fu_8818_p2           |       xor|   0|  0|    8|           8|           8|
    |xor_ln1499_627_fu_8824_p2           |       xor|   0|  0|    8|           8|           8|
    |xor_ln1499_628_fu_8830_p2           |       xor|   0|  0|    8|           8|           8|
    |xor_ln1499_629_fu_9735_p2           |       xor|   0|  0|    8|           8|           8|
    |xor_ln1499_630_fu_9741_p2           |       xor|   0|  0|    8|           8|           8|
    |xor_ln1499_631_fu_9747_p2           |       xor|   0|  0|    8|           8|           8|
    |xor_ln1499_632_fu_9753_p2           |       xor|   0|  0|    8|           8|           8|
    |xor_ln1499_633_fu_9759_p2           |       xor|   0|  0|    8|           8|           8|
    |xor_ln1499_634_fu_9765_p2           |       xor|   0|  0|    8|           8|           8|
    |xor_ln1499_635_fu_9771_p2           |       xor|   0|  0|    8|           8|           8|
    |xor_ln1499_636_fu_9777_p2           |       xor|   0|  0|    8|           8|           8|
    |xor_ln1499_637_fu_9783_p2           |       xor|   0|  0|    8|           8|           8|
    |xor_ln1499_638_fu_9789_p2           |       xor|   0|  0|    8|           8|           8|
    |xor_ln1499_639_fu_9795_p2           |       xor|   0|  0|    8|           8|           8|
    |xor_ln1499_641_fu_9807_p2           |       xor|   0|  0|    8|           8|           8|
    |xor_ln1499_642_fu_9813_p2           |       xor|   0|  0|    8|           8|           8|
    |xor_ln1499_643_fu_9819_p2           |       xor|   0|  0|    8|           8|           8|
    |xor_ln1499_644_fu_9825_p2           |       xor|   0|  0|    8|           8|           8|
    |xor_ln1499_645_fu_9831_p2           |       xor|   0|  0|    8|           8|           8|
    |xor_ln1499_646_fu_9837_p2           |       xor|   0|  0|    8|           8|           8|
    |xor_ln1499_647_fu_9843_p2           |       xor|   0|  0|    8|           8|           8|
    |xor_ln1499_648_fu_9849_p2           |       xor|   0|  0|    8|           8|           8|
    |xor_ln1499_649_fu_9855_p2           |       xor|   0|  0|    8|           8|           8|
    |xor_ln1499_650_fu_9861_p2           |       xor|   0|  0|    8|           8|           8|
    |xor_ln1499_651_fu_9867_p2           |       xor|   0|  0|    8|           8|           8|
    |xor_ln1499_652_fu_9873_p2           |       xor|   0|  0|    8|           8|           8|
    |xor_ln1499_653_fu_9879_p2           |       xor|   0|  0|    8|           8|           8|
    |xor_ln1499_654_fu_9885_p2           |       xor|   0|  0|    8|           8|           8|
    |xor_ln1499_655_fu_9891_p2           |       xor|   0|  0|    8|           8|           8|
    |xor_ln1499_656_fu_9897_p2           |       xor|   0|  0|    8|           8|           8|
    |xor_ln1499_657_fu_9903_p2           |       xor|   0|  0|    8|           8|           8|
    |xor_ln1499_658_fu_9909_p2           |       xor|   0|  0|    8|           8|           8|
    |xor_ln1499_659_fu_9915_p2           |       xor|   0|  0|    8|           8|           8|
    |xor_ln1499_660_fu_9921_p2           |       xor|   0|  0|    8|           8|           8|
    |xor_ln1499_662_fu_9933_p2           |       xor|   0|  0|    8|           8|           8|
    |xor_ln1499_663_fu_9939_p2           |       xor|   0|  0|    8|           8|           8|
    |xor_ln1499_664_fu_9945_p2           |       xor|   0|  0|    8|           8|           8|
    |xor_ln1499_665_fu_9951_p2           |       xor|   0|  0|    8|           8|           8|
    |xor_ln1499_666_fu_9957_p2           |       xor|   0|  0|    8|           8|           8|
    |xor_ln1499_667_fu_9963_p2           |       xor|   0|  0|    8|           8|           8|
    |xor_ln1499_668_fu_9969_p2           |       xor|   0|  0|    8|           8|           8|
    |xor_ln1499_669_fu_9975_p2           |       xor|   0|  0|    8|           8|           8|
    |xor_ln1499_671_fu_9987_p2           |       xor|   0|  0|    8|           8|           8|
    |xor_ln1499_672_fu_9993_p2           |       xor|   0|  0|    8|           8|           8|
    |xor_ln1499_674_fu_10005_p2          |       xor|   0|  0|    8|           8|           8|
    |xor_ln1499_675_fu_10011_p2          |       xor|   0|  0|    8|           8|           8|
    |xor_ln1499_676_fu_10017_p2          |       xor|   0|  0|    8|           8|           8|
    |xor_ln1499_677_fu_10922_p2          |       xor|   0|  0|    8|           8|           8|
    |xor_ln1499_678_fu_10928_p2          |       xor|   0|  0|    8|           8|           8|
    |xor_ln1499_679_fu_10934_p2          |       xor|   0|  0|    8|           8|           8|
    |xor_ln1499_680_fu_10940_p2          |       xor|   0|  0|    8|           8|           8|
    |xor_ln1499_681_fu_10946_p2          |       xor|   0|  0|    8|           8|           8|
    |xor_ln1499_682_fu_10952_p2          |       xor|   0|  0|    8|           8|           8|
    |xor_ln1499_683_fu_10958_p2          |       xor|   0|  0|    8|           8|           8|
    |xor_ln1499_684_fu_10964_p2          |       xor|   0|  0|    8|           8|           8|
    |xor_ln1499_685_fu_10970_p2          |       xor|   0|  0|    8|           8|           8|
    |xor_ln1499_686_fu_10976_p2          |       xor|   0|  0|    8|           8|           8|
    |xor_ln1499_687_fu_10982_p2          |       xor|   0|  0|    8|           8|           8|
    |xor_ln1499_689_fu_10994_p2          |       xor|   0|  0|    8|           8|           8|
    |xor_ln1499_690_fu_11000_p2          |       xor|   0|  0|    8|           8|           8|
    |xor_ln1499_691_fu_11006_p2          |       xor|   0|  0|    8|           8|           8|
    |xor_ln1499_692_fu_11012_p2          |       xor|   0|  0|    8|           8|           8|
    |xor_ln1499_693_fu_11018_p2          |       xor|   0|  0|    8|           8|           8|
    |xor_ln1499_694_fu_11024_p2          |       xor|   0|  0|    8|           8|           8|
    |xor_ln1499_695_fu_11030_p2          |       xor|   0|  0|    8|           8|           8|
    |xor_ln1499_696_fu_11036_p2          |       xor|   0|  0|    8|           8|           8|
    |xor_ln1499_697_fu_11042_p2          |       xor|   0|  0|    8|           8|           8|
    |xor_ln1499_698_fu_11048_p2          |       xor|   0|  0|    8|           8|           8|
    |xor_ln1499_699_fu_11054_p2          |       xor|   0|  0|    8|           8|           8|
    |xor_ln1499_700_fu_11060_p2          |       xor|   0|  0|    8|           8|           8|
    |xor_ln1499_701_fu_11066_p2          |       xor|   0|  0|    8|           8|           8|
    |xor_ln1499_702_fu_11072_p2          |       xor|   0|  0|    8|           8|           8|
    |xor_ln1499_703_fu_11078_p2          |       xor|   0|  0|    8|           8|           8|
    |xor_ln1499_704_fu_11084_p2          |       xor|   0|  0|    8|           8|           8|
    |xor_ln1499_705_fu_11090_p2          |       xor|   0|  0|    8|           8|           8|
    |xor_ln1499_706_fu_11096_p2          |       xor|   0|  0|    8|           8|           8|
    |xor_ln1499_707_fu_11102_p2          |       xor|   0|  0|    8|           8|           8|
    |xor_ln1499_708_fu_11108_p2          |       xor|   0|  0|    8|           8|           8|
    |xor_ln1499_710_fu_11120_p2          |       xor|   0|  0|    8|           8|           8|
    |xor_ln1499_711_fu_11126_p2          |       xor|   0|  0|    8|           8|           8|
    |xor_ln1499_712_fu_11132_p2          |       xor|   0|  0|    8|           8|           8|
    |xor_ln1499_713_fu_11138_p2          |       xor|   0|  0|    8|           8|           8|
    |xor_ln1499_714_fu_11144_p2          |       xor|   0|  0|    8|           8|           8|
    |xor_ln1499_715_fu_11150_p2          |       xor|   0|  0|    8|           8|           8|
    |xor_ln1499_716_fu_11156_p2          |       xor|   0|  0|    8|           8|           8|
    |xor_ln1499_717_fu_11162_p2          |       xor|   0|  0|    8|           8|           8|
    |xor_ln1499_719_fu_11174_p2          |       xor|   0|  0|    8|           8|           8|
    |xor_ln1499_720_fu_11180_p2          |       xor|   0|  0|    8|           8|           8|
    |xor_ln1499_722_fu_11192_p2          |       xor|   0|  0|    8|           8|           8|
    |xor_ln1499_723_fu_11198_p2          |       xor|   0|  0|    8|           8|           8|
    |xor_ln1499_724_fu_11204_p2          |       xor|   0|  0|    8|           8|           8|
    |xor_ln1499_725_fu_12109_p2          |       xor|   0|  0|    8|           8|           8|
    |xor_ln1499_726_fu_12115_p2          |       xor|   0|  0|    8|           8|           8|
    |xor_ln1499_727_fu_12121_p2          |       xor|   0|  0|    8|           8|           8|
    |xor_ln1499_728_fu_12127_p2          |       xor|   0|  0|    8|           8|           8|
    |xor_ln1499_729_fu_12133_p2          |       xor|   0|  0|    8|           8|           8|
    |xor_ln1499_730_fu_12139_p2          |       xor|   0|  0|    8|           8|           8|
    |xor_ln1499_731_fu_12145_p2          |       xor|   0|  0|    8|           8|           8|
    |xor_ln1499_732_fu_12151_p2          |       xor|   0|  0|    8|           8|           8|
    |xor_ln1499_733_fu_12157_p2          |       xor|   0|  0|    8|           8|           8|
    |xor_ln1499_734_fu_12163_p2          |       xor|   0|  0|    8|           8|           8|
    |xor_ln1499_735_fu_12169_p2          |       xor|   0|  0|    8|           8|           8|
    |xor_ln1499_737_fu_12181_p2          |       xor|   0|  0|    8|           8|           8|
    |xor_ln1499_738_fu_12187_p2          |       xor|   0|  0|    8|           8|           8|
    |xor_ln1499_739_fu_12193_p2          |       xor|   0|  0|    8|           8|           8|
    |xor_ln1499_740_fu_12199_p2          |       xor|   0|  0|    8|           8|           8|
    |xor_ln1499_741_fu_12205_p2          |       xor|   0|  0|    8|           8|           8|
    |xor_ln1499_742_fu_12211_p2          |       xor|   0|  0|    8|           8|           8|
    |xor_ln1499_743_fu_12217_p2          |       xor|   0|  0|    8|           8|           8|
    |xor_ln1499_744_fu_12223_p2          |       xor|   0|  0|    8|           8|           8|
    |xor_ln1499_745_fu_12229_p2          |       xor|   0|  0|    8|           8|           8|
    |xor_ln1499_746_fu_12235_p2          |       xor|   0|  0|    8|           8|           8|
    |xor_ln1499_747_fu_12241_p2          |       xor|   0|  0|    8|           8|           8|
    |xor_ln1499_748_fu_12247_p2          |       xor|   0|  0|    8|           8|           8|
    |xor_ln1499_749_fu_12253_p2          |       xor|   0|  0|    8|           8|           8|
    |xor_ln1499_750_fu_12259_p2          |       xor|   0|  0|    8|           8|           8|
    |xor_ln1499_751_fu_12265_p2          |       xor|   0|  0|    8|           8|           8|
    |xor_ln1499_752_fu_12271_p2          |       xor|   0|  0|    8|           8|           8|
    |xor_ln1499_753_fu_12277_p2          |       xor|   0|  0|    8|           8|           8|
    |xor_ln1499_754_fu_12283_p2          |       xor|   0|  0|    8|           8|           8|
    |xor_ln1499_755_fu_12289_p2          |       xor|   0|  0|    8|           8|           8|
    |xor_ln1499_756_fu_12295_p2          |       xor|   0|  0|    8|           8|           8|
    |xor_ln1499_758_fu_12307_p2          |       xor|   0|  0|    8|           8|           8|
    |xor_ln1499_759_fu_12313_p2          |       xor|   0|  0|    8|           8|           8|
    |xor_ln1499_760_fu_12319_p2          |       xor|   0|  0|    8|           8|           8|
    |xor_ln1499_761_fu_12325_p2          |       xor|   0|  0|    8|           8|           8|
    |xor_ln1499_762_fu_12331_p2          |       xor|   0|  0|    8|           8|           8|
    |xor_ln1499_763_fu_12337_p2          |       xor|   0|  0|    8|           8|           8|
    |xor_ln1499_764_fu_12343_p2          |       xor|   0|  0|    8|           8|           8|
    |xor_ln1499_765_fu_12349_p2          |       xor|   0|  0|    8|           8|           8|
    |xor_ln1499_767_fu_12361_p2          |       xor|   0|  0|    8|           8|           8|
    |xor_ln1499_768_fu_12367_p2          |       xor|   0|  0|    8|           8|           8|
    |xor_ln1499_770_fu_12379_p2          |       xor|   0|  0|    8|           8|           8|
    |xor_ln1499_771_fu_12385_p2          |       xor|   0|  0|    8|           8|           8|
    |xor_ln1499_772_fu_12391_p2          |       xor|   0|  0|    8|           8|           8|
    |xor_ln1499_773_fu_13296_p2          |       xor|   0|  0|    8|           8|           8|
    |xor_ln1499_774_fu_13302_p2          |       xor|   0|  0|    8|           8|           8|
    |xor_ln1499_775_fu_13308_p2          |       xor|   0|  0|    8|           8|           8|
    |xor_ln1499_776_fu_13314_p2          |       xor|   0|  0|    8|           8|           8|
    |xor_ln1499_777_fu_13320_p2          |       xor|   0|  0|    8|           8|           8|
    |xor_ln1499_778_fu_13326_p2          |       xor|   0|  0|    8|           8|           8|
    |xor_ln1499_779_fu_13332_p2          |       xor|   0|  0|    8|           8|           8|
    |xor_ln1499_780_fu_13338_p2          |       xor|   0|  0|    8|           8|           8|
    |xor_ln1499_781_fu_13344_p2          |       xor|   0|  0|    8|           8|           8|
    |xor_ln1499_782_fu_13350_p2          |       xor|   0|  0|    8|           8|           8|
    |xor_ln1499_783_fu_13356_p2          |       xor|   0|  0|    8|           8|           8|
    |xor_ln1499_785_fu_13368_p2          |       xor|   0|  0|    8|           8|           8|
    |xor_ln1499_786_fu_13374_p2          |       xor|   0|  0|    8|           8|           8|
    |xor_ln1499_787_fu_13380_p2          |       xor|   0|  0|    8|           8|           8|
    |xor_ln1499_788_fu_13386_p2          |       xor|   0|  0|    8|           8|           8|
    |xor_ln1499_789_fu_13392_p2          |       xor|   0|  0|    8|           8|           8|
    |xor_ln1499_790_fu_13398_p2          |       xor|   0|  0|    8|           8|           8|
    |xor_ln1499_791_fu_13404_p2          |       xor|   0|  0|    8|           8|           8|
    |xor_ln1499_792_fu_13410_p2          |       xor|   0|  0|    8|           8|           8|
    |xor_ln1499_793_fu_13416_p2          |       xor|   0|  0|    8|           8|           8|
    |xor_ln1499_794_fu_13422_p2          |       xor|   0|  0|    8|           8|           8|
    |xor_ln1499_795_fu_13428_p2          |       xor|   0|  0|    8|           8|           8|
    |xor_ln1499_796_fu_13434_p2          |       xor|   0|  0|    8|           8|           8|
    |xor_ln1499_797_fu_13440_p2          |       xor|   0|  0|    8|           8|           8|
    |xor_ln1499_798_fu_13446_p2          |       xor|   0|  0|    8|           8|           8|
    |xor_ln1499_799_fu_13452_p2          |       xor|   0|  0|    8|           8|           8|
    |xor_ln1499_800_fu_13458_p2          |       xor|   0|  0|    8|           8|           8|
    |xor_ln1499_801_fu_13464_p2          |       xor|   0|  0|    8|           8|           8|
    |xor_ln1499_802_fu_13470_p2          |       xor|   0|  0|    8|           8|           8|
    |xor_ln1499_803_fu_13476_p2          |       xor|   0|  0|    8|           8|           8|
    |xor_ln1499_804_fu_13482_p2          |       xor|   0|  0|    8|           8|           8|
    |xor_ln1499_806_fu_13494_p2          |       xor|   0|  0|    8|           8|           8|
    |xor_ln1499_807_fu_13500_p2          |       xor|   0|  0|    8|           8|           8|
    |xor_ln1499_808_fu_13506_p2          |       xor|   0|  0|    8|           8|           8|
    |xor_ln1499_809_fu_13512_p2          |       xor|   0|  0|    8|           8|           8|
    |xor_ln1499_810_fu_13518_p2          |       xor|   0|  0|    8|           8|           8|
    |xor_ln1499_811_fu_13524_p2          |       xor|   0|  0|    8|           8|           8|
    |xor_ln1499_812_fu_13530_p2          |       xor|   0|  0|    8|           8|           8|
    |xor_ln1499_813_fu_13536_p2          |       xor|   0|  0|    8|           8|           8|
    |xor_ln1499_815_fu_13548_p2          |       xor|   0|  0|    8|           8|           8|
    |xor_ln1499_816_fu_13554_p2          |       xor|   0|  0|    8|           8|           8|
    |xor_ln1499_818_fu_13566_p2          |       xor|   0|  0|    8|           8|           8|
    |xor_ln1499_819_fu_13572_p2          |       xor|   0|  0|    8|           8|           8|
    |xor_ln1499_820_fu_13578_p2          |       xor|   0|  0|    8|           8|           8|
    |xor_ln1499_821_fu_14483_p2          |       xor|   0|  0|    8|           8|           8|
    |xor_ln1499_822_fu_14489_p2          |       xor|   0|  0|    8|           8|           8|
    |xor_ln1499_823_fu_14495_p2          |       xor|   0|  0|    8|           8|           8|
    |xor_ln1499_824_fu_14501_p2          |       xor|   0|  0|    8|           8|           8|
    |xor_ln1499_825_fu_14507_p2          |       xor|   0|  0|    8|           8|           8|
    |xor_ln1499_826_fu_14513_p2          |       xor|   0|  0|    8|           8|           8|
    |xor_ln1499_827_fu_14519_p2          |       xor|   0|  0|    8|           8|           8|
    |xor_ln1499_828_fu_14525_p2          |       xor|   0|  0|    8|           8|           8|
    |xor_ln1499_829_fu_14531_p2          |       xor|   0|  0|    8|           8|           8|
    |xor_ln1499_830_fu_14537_p2          |       xor|   0|  0|    8|           8|           8|
    |xor_ln1499_831_fu_14543_p2          |       xor|   0|  0|    8|           8|           8|
    |xor_ln1499_833_fu_14555_p2          |       xor|   0|  0|    8|           8|           8|
    |xor_ln1499_834_fu_14561_p2          |       xor|   0|  0|    8|           8|           8|
    |xor_ln1499_835_fu_14567_p2          |       xor|   0|  0|    8|           8|           8|
    |xor_ln1499_836_fu_14573_p2          |       xor|   0|  0|    8|           8|           8|
    |xor_ln1499_837_fu_14579_p2          |       xor|   0|  0|    8|           8|           8|
    |xor_ln1499_838_fu_14585_p2          |       xor|   0|  0|    8|           8|           8|
    |xor_ln1499_839_fu_14591_p2          |       xor|   0|  0|    8|           8|           8|
    |xor_ln1499_840_fu_14597_p2          |       xor|   0|  0|    8|           8|           8|
    |xor_ln1499_841_fu_14603_p2          |       xor|   0|  0|    8|           8|           8|
    |xor_ln1499_842_fu_14609_p2          |       xor|   0|  0|    8|           8|           8|
    |xor_ln1499_843_fu_14615_p2          |       xor|   0|  0|    8|           8|           8|
    |xor_ln1499_844_fu_14621_p2          |       xor|   0|  0|    8|           8|           8|
    |xor_ln1499_845_fu_14627_p2          |       xor|   0|  0|    8|           8|           8|
    |xor_ln1499_846_fu_14633_p2          |       xor|   0|  0|    8|           8|           8|
    |xor_ln1499_847_fu_14639_p2          |       xor|   0|  0|    8|           8|           8|
    |xor_ln1499_848_fu_14645_p2          |       xor|   0|  0|    8|           8|           8|
    |xor_ln1499_849_fu_14651_p2          |       xor|   0|  0|    8|           8|           8|
    |xor_ln1499_850_fu_14657_p2          |       xor|   0|  0|    8|           8|           8|
    |xor_ln1499_851_fu_14663_p2          |       xor|   0|  0|    8|           8|           8|
    |xor_ln1499_852_fu_14669_p2          |       xor|   0|  0|    8|           8|           8|
    |xor_ln1499_854_fu_14681_p2          |       xor|   0|  0|    8|           8|           8|
    |xor_ln1499_855_fu_14687_p2          |       xor|   0|  0|    8|           8|           8|
    |xor_ln1499_856_fu_14693_p2          |       xor|   0|  0|    8|           8|           8|
    |xor_ln1499_857_fu_14699_p2          |       xor|   0|  0|    8|           8|           8|
    |xor_ln1499_858_fu_14705_p2          |       xor|   0|  0|    8|           8|           8|
    |xor_ln1499_859_fu_14711_p2          |       xor|   0|  0|    8|           8|           8|
    |xor_ln1499_860_fu_14717_p2          |       xor|   0|  0|    8|           8|           8|
    |xor_ln1499_861_fu_14723_p2          |       xor|   0|  0|    8|           8|           8|
    |xor_ln1499_863_fu_14735_p2          |       xor|   0|  0|    8|           8|           8|
    |xor_ln1499_864_fu_14741_p2          |       xor|   0|  0|    8|           8|           8|
    |xor_ln1499_866_fu_14753_p2          |       xor|   0|  0|    8|           8|           8|
    |xor_ln1499_867_fu_14759_p2          |       xor|   0|  0|    8|           8|           8|
    |xor_ln1499_868_fu_14765_p2          |       xor|   0|  0|    8|           8|           8|
    |xor_ln1499_869_fu_14887_p2          |       xor|   0|  0|  128|         128|         128|
    |xor_ln1499_fu_4987_p2               |       xor|   0|  0|    8|           8|           8|
    +------------------------------------+----------+----+---+-----+------------+------------+
    |Total                               |          |   0|  0| 5008|        5000|        5001|
    +------------------------------------+----------+----+---+-----+------------+------------+

    * Multiplexer: 
    +-------------------------------+----+-----------+-----+-----------+
    |              Name             | LUT| Input Size| Bits| Total Bits|
    +-------------------------------+----+-----------+-----+-----------+
    |ap_phi_mux_e_3_phi_fu_3908_p4  |   9|          2|    1|          2|
    |e_3_reg_3905                   |   9|          2|    1|          2|
    |rhs_V_1_fu_146                 |   9|          2|  128|        256|
    +-------------------------------+----+-----------+-----+-----------+
    |Total                          |  27|          6|  130|        260|
    +-------------------------------+----+-----------+-----+-----------+

    * Register: 
    +-----------------------------------+-----+----+-----+-----------+
    |                Name               |  FF | LUT| Bits| Const Bits|
    +-----------------------------------+-----+----+-----+-----------+
    |ap_CS_fsm                          |    1|   0|    1|          0|
    |ap_loop_exit_ready_pp0_iter10_reg  |    1|   0|    1|          0|
    |ap_loop_exit_ready_pp0_iter11_reg  |    1|   0|    1|          0|
    |ap_loop_exit_ready_pp0_iter12_reg  |    1|   0|    1|          0|
    |ap_loop_exit_ready_pp0_iter13_reg  |    1|   0|    1|          0|
    |ap_loop_exit_ready_pp0_iter14_reg  |    1|   0|    1|          0|
    |ap_loop_exit_ready_pp0_iter15_reg  |    1|   0|    1|          0|
    |ap_loop_exit_ready_pp0_iter16_reg  |    1|   0|    1|          0|
    |ap_loop_exit_ready_pp0_iter17_reg  |    1|   0|    1|          0|
    |ap_loop_exit_ready_pp0_iter18_reg  |    1|   0|    1|          0|
    |ap_loop_exit_ready_pp0_iter19_reg  |    1|   0|    1|          0|
    |ap_loop_exit_ready_pp0_iter1_reg   |    1|   0|    1|          0|
    |ap_loop_exit_ready_pp0_iter2_reg   |    1|   0|    1|          0|
    |ap_loop_exit_ready_pp0_iter3_reg   |    1|   0|    1|          0|
    |ap_loop_exit_ready_pp0_iter4_reg   |    1|   0|    1|          0|
    |ap_loop_exit_ready_pp0_iter5_reg   |    1|   0|    1|          0|
    |ap_loop_exit_ready_pp0_iter6_reg   |    1|   0|    1|          0|
    |ap_loop_exit_ready_pp0_iter7_reg   |    1|   0|    1|          0|
    |ap_loop_exit_ready_pp0_iter8_reg   |    1|   0|    1|          0|
    |ap_loop_exit_ready_pp0_iter9_reg   |    1|   0|    1|          0|
    |e_3_reg_3905                       |    1|   0|    1|          0|
    |e_4_reg_14960                      |    1|   0|    1|          0|
    |pf_all_done                        |    1|   0|    1|          0|
    |rhs_V_1_fu_146                     |  128|   0|  128|          0|
    |rhs_V_1_load_reg_14965             |  128|   0|  128|          0|
    |e_3_reg_3905                       |   64|  32|    1|          0|
    |rhs_V_1_load_reg_14965             |   64|  32|  128|          0|
    +-----------------------------------+-----+----+-----+-----------+
    |Total                              |  407|  64|  408|          0|
    +-----------------------------------+-----+----+-----+-----------+



================================================================
== Interface
================================================================
* Summary: 
+----------------------------+-----+-----+------------+----------------------------------+--------------+
|          RTL Ports         | Dir | Bits|  Protocol  |           Source Object          |    C Type    |
+----------------------------+-----+-----+------------+----------------------------------+--------------+
|ap_clk                      |   in|    1|  ap_ctrl_hs|  dec_Pipeline_decryption_cbc_loop|  return value|
|ap_rst                      |   in|    1|  ap_ctrl_hs|  dec_Pipeline_decryption_cbc_loop|  return value|
|ap_start                    |   in|    1|  ap_ctrl_hs|  dec_Pipeline_decryption_cbc_loop|  return value|
|ap_done                     |  out|    1|  ap_ctrl_hs|  dec_Pipeline_decryption_cbc_loop|  return value|
|ap_idle                     |  out|    1|  ap_ctrl_hs|  dec_Pipeline_decryption_cbc_loop|  return value|
|ap_ready                    |  out|    1|  ap_ctrl_hs|  dec_Pipeline_decryption_cbc_loop|  return value|
|endCiphertextStrm_dout      |   in|    1|     ap_fifo|                 endCiphertextStrm|       pointer|
|endCiphertextStrm_empty_n   |   in|    1|     ap_fifo|                 endCiphertextStrm|       pointer|
|endCiphertextStrm_read      |  out|    1|     ap_fifo|                 endCiphertextStrm|       pointer|
|ciphertextStrm_dout         |   in|  128|     ap_fifo|                    ciphertextStrm|       pointer|
|ciphertextStrm_empty_n      |   in|    1|     ap_fifo|                    ciphertextStrm|       pointer|
|ciphertextStrm_read         |  out|    1|     ap_fifo|                    ciphertextStrm|       pointer|
|plaintextStrm_din           |  out|  128|     ap_fifo|                     plaintextStrm|       pointer|
|plaintextStrm_full_n        |   in|    1|     ap_fifo|                     plaintextStrm|       pointer|
|plaintextStrm_write         |  out|    1|     ap_fifo|                     plaintextStrm|       pointer|
|endPlaintextStrm_din        |  out|    1|     ap_fifo|                  endPlaintextStrm|       pointer|
|endPlaintextStrm_full_n     |   in|    1|     ap_fifo|                  endPlaintextStrm|       pointer|
|endPlaintextStrm_write      |  out|    1|     ap_fifo|                  endPlaintextStrm|       pointer|
|IV                          |   in|  128|     ap_none|                                IV|        scalar|
|e                           |   in|    1|     ap_none|                                 e|        scalar|
|rhs_V                       |   in|  128|     ap_none|                             rhs_V|        scalar|
|decipher_key_list_V_9_load  |   in|  128|     ap_none|        decipher_key_list_V_9_load|        scalar|
|decipher_key_list_V_8_load  |   in|  128|     ap_none|        decipher_key_list_V_8_load|        scalar|
|decipher_key_list_V_7_load  |   in|  128|     ap_none|        decipher_key_list_V_7_load|        scalar|
|decipher_key_list_V_6_load  |   in|  128|     ap_none|        decipher_key_list_V_6_load|        scalar|
|decipher_key_list_V_5_load  |   in|  128|     ap_none|        decipher_key_list_V_5_load|        scalar|
|decipher_key_list_V_4_load  |   in|  128|     ap_none|        decipher_key_list_V_4_load|        scalar|
|decipher_key_list_V_3_load  |   in|  128|     ap_none|        decipher_key_list_V_3_load|        scalar|
|decipher_key_list_V_2_load  |   in|  128|     ap_none|        decipher_key_list_V_2_load|        scalar|
|decipher_key_list_V_1_load  |   in|  128|     ap_none|        decipher_key_list_V_1_load|        scalar|
|decipher_key_list_V_load    |   in|  128|     ap_none|          decipher_key_list_V_load|        scalar|
+----------------------------+-----+-----+------------+----------------------------------+--------------+

