

================================================================
== Vitis HLS Report for 'process_r'
================================================================
* Date:           Mon Apr 17 14:13:38 2023

* Version:        2022.2 (Build 3670227 on Oct 13 2022)
* Project:        proj_axi_master
* Solution:       solution1 (Vivado IP Flow Target)
* Product family: virtexuplus
* Target device:  xcvu9p-flga2104-2-i


================================================================
== Performance Estimates
================================================================
+ Timing: 
    * Summary: 
    +--------+----------+----------+------------+
    |  Clock |  Target  | Estimated| Uncertainty|
    +--------+----------+----------+------------+
    |ap_clk  |  10.00 ns|  1.567 ns|     2.70 ns|
    +--------+----------+----------+------------+

+ Latency: 
    * Summary: 
    +---------+---------+----------+----------+-----+-----+---------+
    |  Latency (cycles) |  Latency (absolute) |  Interval | Pipeline|
    |   min   |   max   |    min   |    max   | min | max |   Type  |
    +---------+---------+----------+----------+-----+-----+---------+
    |       19|       19|  0.190 us|  0.190 us|    1|    1|      yes|
    +---------+---------+----------+----------+-----+-----+---------+

    + Detail: 
        * Instance: 
        N/A

        * Loop: 
        N/A



================================================================
== Utilization Estimates
================================================================
* Summary: 
+---------------------+---------+------+---------+---------+-----+
|         Name        | BRAM_18K|  DSP |    FF   |   LUT   | URAM|
+---------------------+---------+------+---------+---------+-----+
|DSP                  |        -|     -|        -|        -|    -|
|Expression           |        -|     -|        0|     4866|    -|
|FIFO                 |        -|     -|        -|        -|    -|
|Instance             |        -|     -|        -|        -|    -|
|Memory               |        -|     -|     1792|     7320|    -|
|Multiplexer          |        -|     -|        -|        -|    -|
|Register             |        -|     -|     3156|      288|    -|
+---------------------+---------+------+---------+---------+-----+
|Total                |        0|     0|     4948|    12474|    0|
+---------------------+---------+------+---------+---------+-----+
|Available SLR        |     1440|  2280|   788160|   394080|  320|
+---------------------+---------+------+---------+---------+-----+
|Utilization SLR (%)  |        0|     0|       ~0|        3|    0|
+---------------------+---------+------+---------+---------+-----+
|Available            |     4320|  6840|  2364480|  1182240|  960|
+---------------------+---------+------+---------+---------+-----+
|Utilization (%)      |        0|     0|       ~0|        1|    0|
+---------------------+---------+------+---------+---------+-----+

+ Detail: 
    * Instance: 
    N/A

    * DSP: 
    N/A

    * Memory: 
    +-------------------+--------------------------------------------+---------+------+------+-----+------+-----+------+-------------+
    |       Memory      |                   Module                   | BRAM_18K|  FF  |  LUT | URAM| Words| Bits| Banks| W*Bits*Banks|
    +-------------------+--------------------------------------------+---------+------+------+-----+------+-----+------+-------------+
    |cipher_0_p16box_U  |process_r_cipher_0_p16box_ROM_NP_LUTRAM_1R  |        0|  1152|  4680|    0|   256|   16|     1|         4096|
    |cipher_0_ssbox_U   |process_r_cipher_0_ssbox_ROM_NP_LUTRAM_1R   |        0|   640|  2640|    0|   256|    8|     1|         2048|
    +-------------------+--------------------------------------------+---------+------+------+-----+------+-----+------+-------------+
    |Total              |                                            |        0|  1792|  7320|    0|   512|   24|     2|         6144|
    +-------------------+--------------------------------------------+---------+------+------+-----+------+-----+------+-------------+

    * FIFO: 
    N/A

    * Expression: 
    +----------------------------+----------+----+---+-----+------------+------------+
    |        Variable Name       | Operation| DSP| FF| LUT | Bitwidth P0| Bitwidth P1|
    +----------------------------+----------+----+---+-----+------------+------------+
    |ap_enable_pp0               |       xor|   0|  0|    2|           1|           2|
    |ap_return                   |       xor|   0|  0|  128|         128|         128|
    |ret_V_fu_3828_p2            |       xor|   0|  0|  128|         128|         128|
    |state_V_20_fu_4664_p2       |       xor|   0|  0|  128|         128|         128|
    |state_V_21_fu_5499_p2       |       xor|   0|  0|  128|         128|         128|
    |state_V_22_fu_6334_p2       |       xor|   0|  0|  128|         128|         128|
    |state_V_23_fu_7169_p2       |       xor|   0|  0|  128|         128|         128|
    |state_V_24_fu_8004_p2       |       xor|   0|  0|  128|         128|         128|
    |state_V_25_fu_8839_p2       |       xor|   0|  0|  128|         128|         128|
    |state_V_26_fu_10509_p2      |       xor|   0|  0|  128|         128|         128|
    |state_V_27_fu_11344_p2      |       xor|   0|  0|  128|         128|         128|
    |state_V_fu_9674_p2          |       xor|   0|  0|  128|         128|         128|
    |xor_ln1499_100_fu_6042_p2   |       xor|   0|  0|    8|           8|           8|
    |xor_ln1499_101_fu_6052_p2   |       xor|   0|  0|    8|           8|           8|
    |xor_ln1499_102_fu_6046_p2   |       xor|   0|  0|    8|           8|           8|
    |xor_ln1499_103_fu_6058_p2   |       xor|   0|  0|    8|           8|           8|
    |xor_ln1499_104_fu_6068_p2   |       xor|   0|  0|    8|           8|           8|
    |xor_ln1499_105_fu_6062_p2   |       xor|   0|  0|    8|           8|           8|
    |xor_ln1499_106_fu_6074_p2   |       xor|   0|  0|    8|           8|           8|
    |xor_ln1499_107_fu_6084_p2   |       xor|   0|  0|    8|           8|           8|
    |xor_ln1499_108_fu_6078_p2   |       xor|   0|  0|    8|           8|           8|
    |xor_ln1499_109_fu_6090_p2   |       xor|   0|  0|    8|           8|           8|
    |xor_ln1499_10_fu_4404_p2    |       xor|   0|  0|    8|           8|           8|
    |xor_ln1499_110_fu_6100_p2   |       xor|   0|  0|    8|           8|           8|
    |xor_ln1499_111_fu_6094_p2   |       xor|   0|  0|    8|           8|           8|
    |xor_ln1499_112_fu_6106_p2   |       xor|   0|  0|    8|           8|           8|
    |xor_ln1499_113_fu_6116_p2   |       xor|   0|  0|    8|           8|           8|
    |xor_ln1499_114_fu_6110_p2   |       xor|   0|  0|    8|           8|           8|
    |xor_ln1499_115_fu_6122_p2   |       xor|   0|  0|    8|           8|           8|
    |xor_ln1499_116_fu_6132_p2   |       xor|   0|  0|    8|           8|           8|
    |xor_ln1499_117_fu_6126_p2   |       xor|   0|  0|    8|           8|           8|
    |xor_ln1499_118_fu_6138_p2   |       xor|   0|  0|    8|           8|           8|
    |xor_ln1499_119_fu_6148_p2   |       xor|   0|  0|    8|           8|           8|
    |xor_ln1499_11_fu_4414_p2    |       xor|   0|  0|    8|           8|           8|
    |xor_ln1499_120_fu_6142_p2   |       xor|   0|  0|    8|           8|           8|
    |xor_ln1499_121_fu_6154_p2   |       xor|   0|  0|    8|           8|           8|
    |xor_ln1499_122_fu_6164_p2   |       xor|   0|  0|    8|           8|           8|
    |xor_ln1499_123_fu_6158_p2   |       xor|   0|  0|    8|           8|           8|
    |xor_ln1499_124_fu_6170_p2   |       xor|   0|  0|    8|           8|           8|
    |xor_ln1499_125_fu_6180_p2   |       xor|   0|  0|    8|           8|           8|
    |xor_ln1499_126_fu_6174_p2   |       xor|   0|  0|    8|           8|           8|
    |xor_ln1499_127_fu_6186_p2   |       xor|   0|  0|    8|           8|           8|
    |xor_ln1499_128_fu_6196_p2   |       xor|   0|  0|    8|           8|           8|
    |xor_ln1499_129_fu_6190_p2   |       xor|   0|  0|    8|           8|           8|
    |xor_ln1499_12_fu_4408_p2    |       xor|   0|  0|    8|           8|           8|
    |xor_ln1499_130_fu_6202_p2   |       xor|   0|  0|    8|           8|           8|
    |xor_ln1499_131_fu_6212_p2   |       xor|   0|  0|    8|           8|           8|
    |xor_ln1499_132_fu_6206_p2   |       xor|   0|  0|    8|           8|           8|
    |xor_ln1499_133_fu_6218_p2   |       xor|   0|  0|    8|           8|           8|
    |xor_ln1499_134_fu_6228_p2   |       xor|   0|  0|    8|           8|           8|
    |xor_ln1499_135_fu_6222_p2   |       xor|   0|  0|    8|           8|           8|
    |xor_ln1499_136_fu_6234_p2   |       xor|   0|  0|    8|           8|           8|
    |xor_ln1499_137_fu_6244_p2   |       xor|   0|  0|    8|           8|           8|
    |xor_ln1499_138_fu_6238_p2   |       xor|   0|  0|    8|           8|           8|
    |xor_ln1499_139_fu_6250_p2   |       xor|   0|  0|    8|           8|           8|
    |xor_ln1499_13_fu_4420_p2    |       xor|   0|  0|    8|           8|           8|
    |xor_ln1499_140_fu_6260_p2   |       xor|   0|  0|    8|           8|           8|
    |xor_ln1499_141_fu_6254_p2   |       xor|   0|  0|    8|           8|           8|
    |xor_ln1499_142_fu_6266_p2   |       xor|   0|  0|    8|           8|           8|
    |xor_ln1499_143_fu_6276_p2   |       xor|   0|  0|    8|           8|           8|
    |xor_ln1499_144_fu_6270_p2   |       xor|   0|  0|    8|           8|           8|
    |xor_ln1499_145_fu_6282_p2   |       xor|   0|  0|    8|           8|           8|
    |xor_ln1499_146_fu_6292_p2   |       xor|   0|  0|    8|           8|           8|
    |xor_ln1499_147_fu_6286_p2   |       xor|   0|  0|    8|           8|           8|
    |xor_ln1499_148_fu_6877_p2   |       xor|   0|  0|    8|           8|           8|
    |xor_ln1499_149_fu_6887_p2   |       xor|   0|  0|    8|           8|           8|
    |xor_ln1499_14_fu_4430_p2    |       xor|   0|  0|    8|           8|           8|
    |xor_ln1499_150_fu_6881_p2   |       xor|   0|  0|    8|           8|           8|
    |xor_ln1499_151_fu_6893_p2   |       xor|   0|  0|    8|           8|           8|
    |xor_ln1499_152_fu_6903_p2   |       xor|   0|  0|    8|           8|           8|
    |xor_ln1499_153_fu_6897_p2   |       xor|   0|  0|    8|           8|           8|
    |xor_ln1499_154_fu_6909_p2   |       xor|   0|  0|    8|           8|           8|
    |xor_ln1499_155_fu_6919_p2   |       xor|   0|  0|    8|           8|           8|
    |xor_ln1499_156_fu_6913_p2   |       xor|   0|  0|    8|           8|           8|
    |xor_ln1499_157_fu_6925_p2   |       xor|   0|  0|    8|           8|           8|
    |xor_ln1499_158_fu_6935_p2   |       xor|   0|  0|    8|           8|           8|
    |xor_ln1499_159_fu_6929_p2   |       xor|   0|  0|    8|           8|           8|
    |xor_ln1499_15_fu_4424_p2    |       xor|   0|  0|    8|           8|           8|
    |xor_ln1499_160_fu_6941_p2   |       xor|   0|  0|    8|           8|           8|
    |xor_ln1499_161_fu_6951_p2   |       xor|   0|  0|    8|           8|           8|
    |xor_ln1499_162_fu_6945_p2   |       xor|   0|  0|    8|           8|           8|
    |xor_ln1499_163_fu_6957_p2   |       xor|   0|  0|    8|           8|           8|
    |xor_ln1499_164_fu_6967_p2   |       xor|   0|  0|    8|           8|           8|
    |xor_ln1499_165_fu_6961_p2   |       xor|   0|  0|    8|           8|           8|
    |xor_ln1499_166_fu_6973_p2   |       xor|   0|  0|    8|           8|           8|
    |xor_ln1499_167_fu_6983_p2   |       xor|   0|  0|    8|           8|           8|
    |xor_ln1499_168_fu_6977_p2   |       xor|   0|  0|    8|           8|           8|
    |xor_ln1499_169_fu_6989_p2   |       xor|   0|  0|    8|           8|           8|
    |xor_ln1499_16_fu_4436_p2    |       xor|   0|  0|    8|           8|           8|
    |xor_ln1499_170_fu_6999_p2   |       xor|   0|  0|    8|           8|           8|
    |xor_ln1499_171_fu_6993_p2   |       xor|   0|  0|    8|           8|           8|
    |xor_ln1499_172_fu_7005_p2   |       xor|   0|  0|    8|           8|           8|
    |xor_ln1499_173_fu_7015_p2   |       xor|   0|  0|    8|           8|           8|
    |xor_ln1499_174_fu_7009_p2   |       xor|   0|  0|    8|           8|           8|
    |xor_ln1499_175_fu_7021_p2   |       xor|   0|  0|    8|           8|           8|
    |xor_ln1499_176_fu_7031_p2   |       xor|   0|  0|    8|           8|           8|
    |xor_ln1499_177_fu_7025_p2   |       xor|   0|  0|    8|           8|           8|
    |xor_ln1499_178_fu_7037_p2   |       xor|   0|  0|    8|           8|           8|
    |xor_ln1499_179_fu_7047_p2   |       xor|   0|  0|    8|           8|           8|
    |xor_ln1499_17_fu_4446_p2    |       xor|   0|  0|    8|           8|           8|
    |xor_ln1499_180_fu_7041_p2   |       xor|   0|  0|    8|           8|           8|
    |xor_ln1499_181_fu_7053_p2   |       xor|   0|  0|    8|           8|           8|
    |xor_ln1499_182_fu_7063_p2   |       xor|   0|  0|    8|           8|           8|
    |xor_ln1499_183_fu_7057_p2   |       xor|   0|  0|    8|           8|           8|
    |xor_ln1499_184_fu_7069_p2   |       xor|   0|  0|    8|           8|           8|
    |xor_ln1499_185_fu_7079_p2   |       xor|   0|  0|    8|           8|           8|
    |xor_ln1499_186_fu_7073_p2   |       xor|   0|  0|    8|           8|           8|
    |xor_ln1499_187_fu_7085_p2   |       xor|   0|  0|    8|           8|           8|
    |xor_ln1499_188_fu_7095_p2   |       xor|   0|  0|    8|           8|           8|
    |xor_ln1499_189_fu_7089_p2   |       xor|   0|  0|    8|           8|           8|
    |xor_ln1499_18_fu_4440_p2    |       xor|   0|  0|    8|           8|           8|
    |xor_ln1499_190_fu_7101_p2   |       xor|   0|  0|    8|           8|           8|
    |xor_ln1499_191_fu_7111_p2   |       xor|   0|  0|    8|           8|           8|
    |xor_ln1499_192_fu_7105_p2   |       xor|   0|  0|    8|           8|           8|
    |xor_ln1499_193_fu_7117_p2   |       xor|   0|  0|    8|           8|           8|
    |xor_ln1499_194_fu_7127_p2   |       xor|   0|  0|    8|           8|           8|
    |xor_ln1499_195_fu_7121_p2   |       xor|   0|  0|    8|           8|           8|
    |xor_ln1499_196_fu_7712_p2   |       xor|   0|  0|    8|           8|           8|
    |xor_ln1499_197_fu_7722_p2   |       xor|   0|  0|    8|           8|           8|
    |xor_ln1499_198_fu_7716_p2   |       xor|   0|  0|    8|           8|           8|
    |xor_ln1499_199_fu_7728_p2   |       xor|   0|  0|    8|           8|           8|
    |xor_ln1499_19_fu_4452_p2    |       xor|   0|  0|    8|           8|           8|
    |xor_ln1499_200_fu_7738_p2   |       xor|   0|  0|    8|           8|           8|
    |xor_ln1499_201_fu_7732_p2   |       xor|   0|  0|    8|           8|           8|
    |xor_ln1499_202_fu_7744_p2   |       xor|   0|  0|    8|           8|           8|
    |xor_ln1499_203_fu_7754_p2   |       xor|   0|  0|    8|           8|           8|
    |xor_ln1499_204_fu_7748_p2   |       xor|   0|  0|    8|           8|           8|
    |xor_ln1499_205_fu_7760_p2   |       xor|   0|  0|    8|           8|           8|
    |xor_ln1499_206_fu_7770_p2   |       xor|   0|  0|    8|           8|           8|
    |xor_ln1499_207_fu_7764_p2   |       xor|   0|  0|    8|           8|           8|
    |xor_ln1499_208_fu_7776_p2   |       xor|   0|  0|    8|           8|           8|
    |xor_ln1499_209_fu_7786_p2   |       xor|   0|  0|    8|           8|           8|
    |xor_ln1499_20_fu_4462_p2    |       xor|   0|  0|    8|           8|           8|
    |xor_ln1499_210_fu_7780_p2   |       xor|   0|  0|    8|           8|           8|
    |xor_ln1499_211_fu_7792_p2   |       xor|   0|  0|    8|           8|           8|
    |xor_ln1499_212_fu_7802_p2   |       xor|   0|  0|    8|           8|           8|
    |xor_ln1499_213_fu_7796_p2   |       xor|   0|  0|    8|           8|           8|
    |xor_ln1499_214_fu_7808_p2   |       xor|   0|  0|    8|           8|           8|
    |xor_ln1499_215_fu_7818_p2   |       xor|   0|  0|    8|           8|           8|
    |xor_ln1499_216_fu_7812_p2   |       xor|   0|  0|    8|           8|           8|
    |xor_ln1499_217_fu_7824_p2   |       xor|   0|  0|    8|           8|           8|
    |xor_ln1499_218_fu_7834_p2   |       xor|   0|  0|    8|           8|           8|
    |xor_ln1499_219_fu_7828_p2   |       xor|   0|  0|    8|           8|           8|
    |xor_ln1499_21_fu_4456_p2    |       xor|   0|  0|    8|           8|           8|
    |xor_ln1499_220_fu_7840_p2   |       xor|   0|  0|    8|           8|           8|
    |xor_ln1499_221_fu_7850_p2   |       xor|   0|  0|    8|           8|           8|
    |xor_ln1499_222_fu_7844_p2   |       xor|   0|  0|    8|           8|           8|
    |xor_ln1499_223_fu_7856_p2   |       xor|   0|  0|    8|           8|           8|
    |xor_ln1499_224_fu_7866_p2   |       xor|   0|  0|    8|           8|           8|
    |xor_ln1499_225_fu_7860_p2   |       xor|   0|  0|    8|           8|           8|
    |xor_ln1499_226_fu_7872_p2   |       xor|   0|  0|    8|           8|           8|
    |xor_ln1499_227_fu_7882_p2   |       xor|   0|  0|    8|           8|           8|
    |xor_ln1499_228_fu_7876_p2   |       xor|   0|  0|    8|           8|           8|
    |xor_ln1499_229_fu_7888_p2   |       xor|   0|  0|    8|           8|           8|
    |xor_ln1499_22_fu_4468_p2    |       xor|   0|  0|    8|           8|           8|
    |xor_ln1499_230_fu_7898_p2   |       xor|   0|  0|    8|           8|           8|
    |xor_ln1499_231_fu_7892_p2   |       xor|   0|  0|    8|           8|           8|
    |xor_ln1499_232_fu_7904_p2   |       xor|   0|  0|    8|           8|           8|
    |xor_ln1499_233_fu_7914_p2   |       xor|   0|  0|    8|           8|           8|
    |xor_ln1499_234_fu_7908_p2   |       xor|   0|  0|    8|           8|           8|
    |xor_ln1499_235_fu_7920_p2   |       xor|   0|  0|    8|           8|           8|
    |xor_ln1499_236_fu_7930_p2   |       xor|   0|  0|    8|           8|           8|
    |xor_ln1499_237_fu_7924_p2   |       xor|   0|  0|    8|           8|           8|
    |xor_ln1499_238_fu_7936_p2   |       xor|   0|  0|    8|           8|           8|
    |xor_ln1499_239_fu_7946_p2   |       xor|   0|  0|    8|           8|           8|
    |xor_ln1499_23_fu_4478_p2    |       xor|   0|  0|    8|           8|           8|
    |xor_ln1499_240_fu_7940_p2   |       xor|   0|  0|    8|           8|           8|
    |xor_ln1499_241_fu_7952_p2   |       xor|   0|  0|    8|           8|           8|
    |xor_ln1499_242_fu_7962_p2   |       xor|   0|  0|    8|           8|           8|
    |xor_ln1499_243_fu_7956_p2   |       xor|   0|  0|    8|           8|           8|
    |xor_ln1499_244_fu_8547_p2   |       xor|   0|  0|    8|           8|           8|
    |xor_ln1499_245_fu_8557_p2   |       xor|   0|  0|    8|           8|           8|
    |xor_ln1499_246_fu_8551_p2   |       xor|   0|  0|    8|           8|           8|
    |xor_ln1499_247_fu_8563_p2   |       xor|   0|  0|    8|           8|           8|
    |xor_ln1499_248_fu_8573_p2   |       xor|   0|  0|    8|           8|           8|
    |xor_ln1499_249_fu_8567_p2   |       xor|   0|  0|    8|           8|           8|
    |xor_ln1499_24_fu_4472_p2    |       xor|   0|  0|    8|           8|           8|
    |xor_ln1499_250_fu_8579_p2   |       xor|   0|  0|    8|           8|           8|
    |xor_ln1499_251_fu_8589_p2   |       xor|   0|  0|    8|           8|           8|
    |xor_ln1499_252_fu_8583_p2   |       xor|   0|  0|    8|           8|           8|
    |xor_ln1499_253_fu_8595_p2   |       xor|   0|  0|    8|           8|           8|
    |xor_ln1499_254_fu_8605_p2   |       xor|   0|  0|    8|           8|           8|
    |xor_ln1499_255_fu_8599_p2   |       xor|   0|  0|    8|           8|           8|
    |xor_ln1499_256_fu_8611_p2   |       xor|   0|  0|    8|           8|           8|
    |xor_ln1499_257_fu_8621_p2   |       xor|   0|  0|    8|           8|           8|
    |xor_ln1499_258_fu_8615_p2   |       xor|   0|  0|    8|           8|           8|
    |xor_ln1499_259_fu_8627_p2   |       xor|   0|  0|    8|           8|           8|
    |xor_ln1499_25_fu_4484_p2    |       xor|   0|  0|    8|           8|           8|
    |xor_ln1499_260_fu_8637_p2   |       xor|   0|  0|    8|           8|           8|
    |xor_ln1499_261_fu_8631_p2   |       xor|   0|  0|    8|           8|           8|
    |xor_ln1499_262_fu_8643_p2   |       xor|   0|  0|    8|           8|           8|
    |xor_ln1499_263_fu_8653_p2   |       xor|   0|  0|    8|           8|           8|
    |xor_ln1499_264_fu_8647_p2   |       xor|   0|  0|    8|           8|           8|
    |xor_ln1499_265_fu_8659_p2   |       xor|   0|  0|    8|           8|           8|
    |xor_ln1499_266_fu_8669_p2   |       xor|   0|  0|    8|           8|           8|
    |xor_ln1499_267_fu_8663_p2   |       xor|   0|  0|    8|           8|           8|
    |xor_ln1499_268_fu_8675_p2   |       xor|   0|  0|    8|           8|           8|
    |xor_ln1499_269_fu_8685_p2   |       xor|   0|  0|    8|           8|           8|
    |xor_ln1499_26_fu_4494_p2    |       xor|   0|  0|    8|           8|           8|
    |xor_ln1499_270_fu_8679_p2   |       xor|   0|  0|    8|           8|           8|
    |xor_ln1499_271_fu_8691_p2   |       xor|   0|  0|    8|           8|           8|
    |xor_ln1499_272_fu_8701_p2   |       xor|   0|  0|    8|           8|           8|
    |xor_ln1499_273_fu_8695_p2   |       xor|   0|  0|    8|           8|           8|
    |xor_ln1499_274_fu_8707_p2   |       xor|   0|  0|    8|           8|           8|
    |xor_ln1499_275_fu_8717_p2   |       xor|   0|  0|    8|           8|           8|
    |xor_ln1499_276_fu_8711_p2   |       xor|   0|  0|    8|           8|           8|
    |xor_ln1499_277_fu_8723_p2   |       xor|   0|  0|    8|           8|           8|
    |xor_ln1499_278_fu_8733_p2   |       xor|   0|  0|    8|           8|           8|
    |xor_ln1499_279_fu_8727_p2   |       xor|   0|  0|    8|           8|           8|
    |xor_ln1499_27_fu_4488_p2    |       xor|   0|  0|    8|           8|           8|
    |xor_ln1499_280_fu_8739_p2   |       xor|   0|  0|    8|           8|           8|
    |xor_ln1499_281_fu_8749_p2   |       xor|   0|  0|    8|           8|           8|
    |xor_ln1499_282_fu_8743_p2   |       xor|   0|  0|    8|           8|           8|
    |xor_ln1499_283_fu_8755_p2   |       xor|   0|  0|    8|           8|           8|
    |xor_ln1499_284_fu_8765_p2   |       xor|   0|  0|    8|           8|           8|
    |xor_ln1499_285_fu_8759_p2   |       xor|   0|  0|    8|           8|           8|
    |xor_ln1499_286_fu_8771_p2   |       xor|   0|  0|    8|           8|           8|
    |xor_ln1499_287_fu_8781_p2   |       xor|   0|  0|    8|           8|           8|
    |xor_ln1499_288_fu_8775_p2   |       xor|   0|  0|    8|           8|           8|
    |xor_ln1499_289_fu_8787_p2   |       xor|   0|  0|    8|           8|           8|
    |xor_ln1499_28_fu_4500_p2    |       xor|   0|  0|    8|           8|           8|
    |xor_ln1499_290_fu_8797_p2   |       xor|   0|  0|    8|           8|           8|
    |xor_ln1499_291_fu_8791_p2   |       xor|   0|  0|    8|           8|           8|
    |xor_ln1499_292_fu_9382_p2   |       xor|   0|  0|    8|           8|           8|
    |xor_ln1499_293_fu_9392_p2   |       xor|   0|  0|    8|           8|           8|
    |xor_ln1499_294_fu_9386_p2   |       xor|   0|  0|    8|           8|           8|
    |xor_ln1499_295_fu_9398_p2   |       xor|   0|  0|    8|           8|           8|
    |xor_ln1499_296_fu_9408_p2   |       xor|   0|  0|    8|           8|           8|
    |xor_ln1499_297_fu_9402_p2   |       xor|   0|  0|    8|           8|           8|
    |xor_ln1499_298_fu_9414_p2   |       xor|   0|  0|    8|           8|           8|
    |xor_ln1499_299_fu_9424_p2   |       xor|   0|  0|    8|           8|           8|
    |xor_ln1499_29_fu_4510_p2    |       xor|   0|  0|    8|           8|           8|
    |xor_ln1499_300_fu_9418_p2   |       xor|   0|  0|    8|           8|           8|
    |xor_ln1499_301_fu_9430_p2   |       xor|   0|  0|    8|           8|           8|
    |xor_ln1499_302_fu_9440_p2   |       xor|   0|  0|    8|           8|           8|
    |xor_ln1499_303_fu_9434_p2   |       xor|   0|  0|    8|           8|           8|
    |xor_ln1499_304_fu_9446_p2   |       xor|   0|  0|    8|           8|           8|
    |xor_ln1499_305_fu_9456_p2   |       xor|   0|  0|    8|           8|           8|
    |xor_ln1499_306_fu_9450_p2   |       xor|   0|  0|    8|           8|           8|
    |xor_ln1499_307_fu_9462_p2   |       xor|   0|  0|    8|           8|           8|
    |xor_ln1499_308_fu_9472_p2   |       xor|   0|  0|    8|           8|           8|
    |xor_ln1499_309_fu_9466_p2   |       xor|   0|  0|    8|           8|           8|
    |xor_ln1499_30_fu_4504_p2    |       xor|   0|  0|    8|           8|           8|
    |xor_ln1499_310_fu_9478_p2   |       xor|   0|  0|    8|           8|           8|
    |xor_ln1499_311_fu_9488_p2   |       xor|   0|  0|    8|           8|           8|
    |xor_ln1499_312_fu_9482_p2   |       xor|   0|  0|    8|           8|           8|
    |xor_ln1499_313_fu_9494_p2   |       xor|   0|  0|    8|           8|           8|
    |xor_ln1499_314_fu_9504_p2   |       xor|   0|  0|    8|           8|           8|
    |xor_ln1499_315_fu_9498_p2   |       xor|   0|  0|    8|           8|           8|
    |xor_ln1499_316_fu_9510_p2   |       xor|   0|  0|    8|           8|           8|
    |xor_ln1499_317_fu_9520_p2   |       xor|   0|  0|    8|           8|           8|
    |xor_ln1499_318_fu_9514_p2   |       xor|   0|  0|    8|           8|           8|
    |xor_ln1499_319_fu_9526_p2   |       xor|   0|  0|    8|           8|           8|
    |xor_ln1499_31_fu_4516_p2    |       xor|   0|  0|    8|           8|           8|
    |xor_ln1499_320_fu_9536_p2   |       xor|   0|  0|    8|           8|           8|
    |xor_ln1499_321_fu_9530_p2   |       xor|   0|  0|    8|           8|           8|
    |xor_ln1499_322_fu_9542_p2   |       xor|   0|  0|    8|           8|           8|
    |xor_ln1499_323_fu_9552_p2   |       xor|   0|  0|    8|           8|           8|
    |xor_ln1499_324_fu_9546_p2   |       xor|   0|  0|    8|           8|           8|
    |xor_ln1499_325_fu_9558_p2   |       xor|   0|  0|    8|           8|           8|
    |xor_ln1499_326_fu_9568_p2   |       xor|   0|  0|    8|           8|           8|
    |xor_ln1499_327_fu_9562_p2   |       xor|   0|  0|    8|           8|           8|
    |xor_ln1499_328_fu_9574_p2   |       xor|   0|  0|    8|           8|           8|
    |xor_ln1499_329_fu_9584_p2   |       xor|   0|  0|    8|           8|           8|
    |xor_ln1499_32_fu_4526_p2    |       xor|   0|  0|    8|           8|           8|
    |xor_ln1499_330_fu_9578_p2   |       xor|   0|  0|    8|           8|           8|
    |xor_ln1499_331_fu_9590_p2   |       xor|   0|  0|    8|           8|           8|
    |xor_ln1499_332_fu_9600_p2   |       xor|   0|  0|    8|           8|           8|
    |xor_ln1499_333_fu_9594_p2   |       xor|   0|  0|    8|           8|           8|
    |xor_ln1499_334_fu_9606_p2   |       xor|   0|  0|    8|           8|           8|
    |xor_ln1499_335_fu_9616_p2   |       xor|   0|  0|    8|           8|           8|
    |xor_ln1499_336_fu_9610_p2   |       xor|   0|  0|    8|           8|           8|
    |xor_ln1499_337_fu_9622_p2   |       xor|   0|  0|    8|           8|           8|
    |xor_ln1499_338_fu_9632_p2   |       xor|   0|  0|    8|           8|           8|
    |xor_ln1499_339_fu_9626_p2   |       xor|   0|  0|    8|           8|           8|
    |xor_ln1499_33_fu_4520_p2    |       xor|   0|  0|    8|           8|           8|
    |xor_ln1499_340_fu_10217_p2  |       xor|   0|  0|    8|           8|           8|
    |xor_ln1499_341_fu_10227_p2  |       xor|   0|  0|    8|           8|           8|
    |xor_ln1499_342_fu_10221_p2  |       xor|   0|  0|    8|           8|           8|
    |xor_ln1499_343_fu_10233_p2  |       xor|   0|  0|    8|           8|           8|
    |xor_ln1499_344_fu_10243_p2  |       xor|   0|  0|    8|           8|           8|
    |xor_ln1499_345_fu_10237_p2  |       xor|   0|  0|    8|           8|           8|
    |xor_ln1499_346_fu_10249_p2  |       xor|   0|  0|    8|           8|           8|
    |xor_ln1499_347_fu_10259_p2  |       xor|   0|  0|    8|           8|           8|
    |xor_ln1499_348_fu_10253_p2  |       xor|   0|  0|    8|           8|           8|
    |xor_ln1499_349_fu_10265_p2  |       xor|   0|  0|    8|           8|           8|
    |xor_ln1499_34_fu_4532_p2    |       xor|   0|  0|    8|           8|           8|
    |xor_ln1499_350_fu_10275_p2  |       xor|   0|  0|    8|           8|           8|
    |xor_ln1499_351_fu_10269_p2  |       xor|   0|  0|    8|           8|           8|
    |xor_ln1499_352_fu_10281_p2  |       xor|   0|  0|    8|           8|           8|
    |xor_ln1499_353_fu_10291_p2  |       xor|   0|  0|    8|           8|           8|
    |xor_ln1499_354_fu_10285_p2  |       xor|   0|  0|    8|           8|           8|
    |xor_ln1499_355_fu_10297_p2  |       xor|   0|  0|    8|           8|           8|
    |xor_ln1499_356_fu_10307_p2  |       xor|   0|  0|    8|           8|           8|
    |xor_ln1499_357_fu_10301_p2  |       xor|   0|  0|    8|           8|           8|
    |xor_ln1499_358_fu_10313_p2  |       xor|   0|  0|    8|           8|           8|
    |xor_ln1499_359_fu_10323_p2  |       xor|   0|  0|    8|           8|           8|
    |xor_ln1499_35_fu_4542_p2    |       xor|   0|  0|    8|           8|           8|
    |xor_ln1499_360_fu_10317_p2  |       xor|   0|  0|    8|           8|           8|
    |xor_ln1499_361_fu_10329_p2  |       xor|   0|  0|    8|           8|           8|
    |xor_ln1499_362_fu_10339_p2  |       xor|   0|  0|    8|           8|           8|
    |xor_ln1499_363_fu_10333_p2  |       xor|   0|  0|    8|           8|           8|
    |xor_ln1499_364_fu_10345_p2  |       xor|   0|  0|    8|           8|           8|
    |xor_ln1499_365_fu_10355_p2  |       xor|   0|  0|    8|           8|           8|
    |xor_ln1499_366_fu_10349_p2  |       xor|   0|  0|    8|           8|           8|
    |xor_ln1499_367_fu_10361_p2  |       xor|   0|  0|    8|           8|           8|
    |xor_ln1499_368_fu_10371_p2  |       xor|   0|  0|    8|           8|           8|
    |xor_ln1499_369_fu_10365_p2  |       xor|   0|  0|    8|           8|           8|
    |xor_ln1499_36_fu_4536_p2    |       xor|   0|  0|    8|           8|           8|
    |xor_ln1499_370_fu_10377_p2  |       xor|   0|  0|    8|           8|           8|
    |xor_ln1499_371_fu_10387_p2  |       xor|   0|  0|    8|           8|           8|
    |xor_ln1499_372_fu_10381_p2  |       xor|   0|  0|    8|           8|           8|
    |xor_ln1499_373_fu_10393_p2  |       xor|   0|  0|    8|           8|           8|
    |xor_ln1499_374_fu_10403_p2  |       xor|   0|  0|    8|           8|           8|
    |xor_ln1499_375_fu_10397_p2  |       xor|   0|  0|    8|           8|           8|
    |xor_ln1499_376_fu_10409_p2  |       xor|   0|  0|    8|           8|           8|
    |xor_ln1499_377_fu_10419_p2  |       xor|   0|  0|    8|           8|           8|
    |xor_ln1499_378_fu_10413_p2  |       xor|   0|  0|    8|           8|           8|
    |xor_ln1499_379_fu_10425_p2  |       xor|   0|  0|    8|           8|           8|
    |xor_ln1499_37_fu_4548_p2    |       xor|   0|  0|    8|           8|           8|
    |xor_ln1499_380_fu_10435_p2  |       xor|   0|  0|    8|           8|           8|
    |xor_ln1499_381_fu_10429_p2  |       xor|   0|  0|    8|           8|           8|
    |xor_ln1499_382_fu_10441_p2  |       xor|   0|  0|    8|           8|           8|
    |xor_ln1499_383_fu_10451_p2  |       xor|   0|  0|    8|           8|           8|
    |xor_ln1499_384_fu_10445_p2  |       xor|   0|  0|    8|           8|           8|
    |xor_ln1499_385_fu_10457_p2  |       xor|   0|  0|    8|           8|           8|
    |xor_ln1499_386_fu_10467_p2  |       xor|   0|  0|    8|           8|           8|
    |xor_ln1499_387_fu_10461_p2  |       xor|   0|  0|    8|           8|           8|
    |xor_ln1499_388_fu_11052_p2  |       xor|   0|  0|    8|           8|           8|
    |xor_ln1499_389_fu_11062_p2  |       xor|   0|  0|    8|           8|           8|
    |xor_ln1499_38_fu_4558_p2    |       xor|   0|  0|    8|           8|           8|
    |xor_ln1499_390_fu_11056_p2  |       xor|   0|  0|    8|           8|           8|
    |xor_ln1499_391_fu_11068_p2  |       xor|   0|  0|    8|           8|           8|
    |xor_ln1499_392_fu_11078_p2  |       xor|   0|  0|    8|           8|           8|
    |xor_ln1499_393_fu_11072_p2  |       xor|   0|  0|    8|           8|           8|
    |xor_ln1499_394_fu_11084_p2  |       xor|   0|  0|    8|           8|           8|
    |xor_ln1499_395_fu_11094_p2  |       xor|   0|  0|    8|           8|           8|
    |xor_ln1499_396_fu_11088_p2  |       xor|   0|  0|    8|           8|           8|
    |xor_ln1499_397_fu_11100_p2  |       xor|   0|  0|    8|           8|           8|
    |xor_ln1499_398_fu_11110_p2  |       xor|   0|  0|    8|           8|           8|
    |xor_ln1499_399_fu_11104_p2  |       xor|   0|  0|    8|           8|           8|
    |xor_ln1499_39_fu_4552_p2    |       xor|   0|  0|    8|           8|           8|
    |xor_ln1499_400_fu_11116_p2  |       xor|   0|  0|    8|           8|           8|
    |xor_ln1499_401_fu_11126_p2  |       xor|   0|  0|    8|           8|           8|
    |xor_ln1499_402_fu_11120_p2  |       xor|   0|  0|    8|           8|           8|
    |xor_ln1499_403_fu_11132_p2  |       xor|   0|  0|    8|           8|           8|
    |xor_ln1499_404_fu_11142_p2  |       xor|   0|  0|    8|           8|           8|
    |xor_ln1499_405_fu_11136_p2  |       xor|   0|  0|    8|           8|           8|
    |xor_ln1499_406_fu_11148_p2  |       xor|   0|  0|    8|           8|           8|
    |xor_ln1499_407_fu_11158_p2  |       xor|   0|  0|    8|           8|           8|
    |xor_ln1499_408_fu_11152_p2  |       xor|   0|  0|    8|           8|           8|
    |xor_ln1499_409_fu_11164_p2  |       xor|   0|  0|    8|           8|           8|
    |xor_ln1499_40_fu_4564_p2    |       xor|   0|  0|    8|           8|           8|
    |xor_ln1499_410_fu_11174_p2  |       xor|   0|  0|    8|           8|           8|
    |xor_ln1499_411_fu_11168_p2  |       xor|   0|  0|    8|           8|           8|
    |xor_ln1499_412_fu_11180_p2  |       xor|   0|  0|    8|           8|           8|
    |xor_ln1499_413_fu_11190_p2  |       xor|   0|  0|    8|           8|           8|
    |xor_ln1499_414_fu_11184_p2  |       xor|   0|  0|    8|           8|           8|
    |xor_ln1499_415_fu_11196_p2  |       xor|   0|  0|    8|           8|           8|
    |xor_ln1499_416_fu_11206_p2  |       xor|   0|  0|    8|           8|           8|
    |xor_ln1499_417_fu_11200_p2  |       xor|   0|  0|    8|           8|           8|
    |xor_ln1499_418_fu_11212_p2  |       xor|   0|  0|    8|           8|           8|
    |xor_ln1499_419_fu_11222_p2  |       xor|   0|  0|    8|           8|           8|
    |xor_ln1499_41_fu_4574_p2    |       xor|   0|  0|    8|           8|           8|
    |xor_ln1499_420_fu_11216_p2  |       xor|   0|  0|    8|           8|           8|
    |xor_ln1499_421_fu_11228_p2  |       xor|   0|  0|    8|           8|           8|
    |xor_ln1499_422_fu_11238_p2  |       xor|   0|  0|    8|           8|           8|
    |xor_ln1499_423_fu_11232_p2  |       xor|   0|  0|    8|           8|           8|
    |xor_ln1499_424_fu_11244_p2  |       xor|   0|  0|    8|           8|           8|
    |xor_ln1499_425_fu_11254_p2  |       xor|   0|  0|    8|           8|           8|
    |xor_ln1499_426_fu_11248_p2  |       xor|   0|  0|    8|           8|           8|
    |xor_ln1499_427_fu_11260_p2  |       xor|   0|  0|    8|           8|           8|
    |xor_ln1499_428_fu_11270_p2  |       xor|   0|  0|    8|           8|           8|
    |xor_ln1499_429_fu_11264_p2  |       xor|   0|  0|    8|           8|           8|
    |xor_ln1499_42_fu_4568_p2    |       xor|   0|  0|    8|           8|           8|
    |xor_ln1499_430_fu_11276_p2  |       xor|   0|  0|    8|           8|           8|
    |xor_ln1499_431_fu_11286_p2  |       xor|   0|  0|    8|           8|           8|
    |xor_ln1499_432_fu_11280_p2  |       xor|   0|  0|    8|           8|           8|
    |xor_ln1499_433_fu_11292_p2  |       xor|   0|  0|    8|           8|           8|
    |xor_ln1499_434_fu_11302_p2  |       xor|   0|  0|    8|           8|           8|
    |xor_ln1499_435_fu_11296_p2  |       xor|   0|  0|    8|           8|           8|
    |xor_ln1499_43_fu_4580_p2    |       xor|   0|  0|    8|           8|           8|
    |xor_ln1499_44_fu_4590_p2    |       xor|   0|  0|    8|           8|           8|
    |xor_ln1499_45_fu_4584_p2    |       xor|   0|  0|    8|           8|           8|
    |xor_ln1499_46_fu_4596_p2    |       xor|   0|  0|    8|           8|           8|
    |xor_ln1499_47_fu_4606_p2    |       xor|   0|  0|    8|           8|           8|
    |xor_ln1499_48_fu_4600_p2    |       xor|   0|  0|    8|           8|           8|
    |xor_ln1499_49_fu_4612_p2    |       xor|   0|  0|    8|           8|           8|
    |xor_ln1499_50_fu_4622_p2    |       xor|   0|  0|    8|           8|           8|
    |xor_ln1499_51_fu_4616_p2    |       xor|   0|  0|    8|           8|           8|
    |xor_ln1499_52_fu_5207_p2    |       xor|   0|  0|    8|           8|           8|
    |xor_ln1499_53_fu_5217_p2    |       xor|   0|  0|    8|           8|           8|
    |xor_ln1499_54_fu_5211_p2    |       xor|   0|  0|    8|           8|           8|
    |xor_ln1499_55_fu_5223_p2    |       xor|   0|  0|    8|           8|           8|
    |xor_ln1499_56_fu_5233_p2    |       xor|   0|  0|    8|           8|           8|
    |xor_ln1499_57_fu_5227_p2    |       xor|   0|  0|    8|           8|           8|
    |xor_ln1499_58_fu_5239_p2    |       xor|   0|  0|    8|           8|           8|
    |xor_ln1499_59_fu_5249_p2    |       xor|   0|  0|    8|           8|           8|
    |xor_ln1499_5_fu_4382_p2     |       xor|   0|  0|    8|           8|           8|
    |xor_ln1499_60_fu_5243_p2    |       xor|   0|  0|    8|           8|           8|
    |xor_ln1499_61_fu_5255_p2    |       xor|   0|  0|    8|           8|           8|
    |xor_ln1499_62_fu_5265_p2    |       xor|   0|  0|    8|           8|           8|
    |xor_ln1499_63_fu_5259_p2    |       xor|   0|  0|    8|           8|           8|
    |xor_ln1499_64_fu_5271_p2    |       xor|   0|  0|    8|           8|           8|
    |xor_ln1499_65_fu_5281_p2    |       xor|   0|  0|    8|           8|           8|
    |xor_ln1499_66_fu_5275_p2    |       xor|   0|  0|    8|           8|           8|
    |xor_ln1499_67_fu_5287_p2    |       xor|   0|  0|    8|           8|           8|
    |xor_ln1499_68_fu_5297_p2    |       xor|   0|  0|    8|           8|           8|
    |xor_ln1499_69_fu_5291_p2    |       xor|   0|  0|    8|           8|           8|
    |xor_ln1499_6_fu_4376_p2     |       xor|   0|  0|    8|           8|           8|
    |xor_ln1499_70_fu_5303_p2    |       xor|   0|  0|    8|           8|           8|
    |xor_ln1499_71_fu_5313_p2    |       xor|   0|  0|    8|           8|           8|
    |xor_ln1499_72_fu_5307_p2    |       xor|   0|  0|    8|           8|           8|
    |xor_ln1499_73_fu_5319_p2    |       xor|   0|  0|    8|           8|           8|
    |xor_ln1499_74_fu_5329_p2    |       xor|   0|  0|    8|           8|           8|
    |xor_ln1499_75_fu_5323_p2    |       xor|   0|  0|    8|           8|           8|
    |xor_ln1499_76_fu_5335_p2    |       xor|   0|  0|    8|           8|           8|
    |xor_ln1499_77_fu_5345_p2    |       xor|   0|  0|    8|           8|           8|
    |xor_ln1499_78_fu_5339_p2    |       xor|   0|  0|    8|           8|           8|
    |xor_ln1499_79_fu_5351_p2    |       xor|   0|  0|    8|           8|           8|
    |xor_ln1499_7_fu_4388_p2     |       xor|   0|  0|    8|           8|           8|
    |xor_ln1499_80_fu_5361_p2    |       xor|   0|  0|    8|           8|           8|
    |xor_ln1499_81_fu_5355_p2    |       xor|   0|  0|    8|           8|           8|
    |xor_ln1499_82_fu_5367_p2    |       xor|   0|  0|    8|           8|           8|
    |xor_ln1499_83_fu_5377_p2    |       xor|   0|  0|    8|           8|           8|
    |xor_ln1499_84_fu_5371_p2    |       xor|   0|  0|    8|           8|           8|
    |xor_ln1499_85_fu_5383_p2    |       xor|   0|  0|    8|           8|           8|
    |xor_ln1499_86_fu_5393_p2    |       xor|   0|  0|    8|           8|           8|
    |xor_ln1499_87_fu_5387_p2    |       xor|   0|  0|    8|           8|           8|
    |xor_ln1499_88_fu_5399_p2    |       xor|   0|  0|    8|           8|           8|
    |xor_ln1499_89_fu_5409_p2    |       xor|   0|  0|    8|           8|           8|
    |xor_ln1499_8_fu_4398_p2     |       xor|   0|  0|    8|           8|           8|
    |xor_ln1499_90_fu_5403_p2    |       xor|   0|  0|    8|           8|           8|
    |xor_ln1499_91_fu_5415_p2    |       xor|   0|  0|    8|           8|           8|
    |xor_ln1499_92_fu_5425_p2    |       xor|   0|  0|    8|           8|           8|
    |xor_ln1499_93_fu_5419_p2    |       xor|   0|  0|    8|           8|           8|
    |xor_ln1499_94_fu_5431_p2    |       xor|   0|  0|    8|           8|           8|
    |xor_ln1499_95_fu_5441_p2    |       xor|   0|  0|    8|           8|           8|
    |xor_ln1499_96_fu_5435_p2    |       xor|   0|  0|    8|           8|           8|
    |xor_ln1499_97_fu_5447_p2    |       xor|   0|  0|    8|           8|           8|
    |xor_ln1499_98_fu_5457_p2    |       xor|   0|  0|    8|           8|           8|
    |xor_ln1499_99_fu_5451_p2    |       xor|   0|  0|    8|           8|           8|
    |xor_ln1499_9_fu_4392_p2     |       xor|   0|  0|    8|           8|           8|
    |xor_ln1499_fu_4372_p2       |       xor|   0|  0|    8|           8|           8|
    +----------------------------+----------+----+---+-----+------------+------------+
    |Total                       |          |   0|  0| 4866|        4865|        4866|
    +----------------------------+----------+----+---+-----+------------+------------+

    * Multiplexer: 
    N/A

    * Register: 
    +-----------------------------------+-----+----+-----+-----------+
    |                Name               |  FF | LUT| Bits| Const Bits|
    +-----------------------------------+-----+----+-----+-----------+
    |ap_CS_fsm                          |    1|   0|    1|          0|
    |ap_enable_reg_pp0_iter1            |    1|   0|    1|          0|
    |ap_enable_reg_pp0_iter10           |    1|   0|    1|          0|
    |ap_enable_reg_pp0_iter11           |    1|   0|    1|          0|
    |ap_enable_reg_pp0_iter12           |    1|   0|    1|          0|
    |ap_enable_reg_pp0_iter13           |    1|   0|    1|          0|
    |ap_enable_reg_pp0_iter14           |    1|   0|    1|          0|
    |ap_enable_reg_pp0_iter15           |    1|   0|    1|          0|
    |ap_enable_reg_pp0_iter16           |    1|   0|    1|          0|
    |ap_enable_reg_pp0_iter17           |    1|   0|    1|          0|
    |ap_enable_reg_pp0_iter18           |    1|   0|    1|          0|
    |ap_enable_reg_pp0_iter19           |    1|   0|    1|          0|
    |ap_enable_reg_pp0_iter2            |    1|   0|    1|          0|
    |ap_enable_reg_pp0_iter3            |    1|   0|    1|          0|
    |ap_enable_reg_pp0_iter4            |    1|   0|    1|          0|
    |ap_enable_reg_pp0_iter5            |    1|   0|    1|          0|
    |ap_enable_reg_pp0_iter6            |    1|   0|    1|          0|
    |ap_enable_reg_pp0_iter7            |    1|   0|    1|          0|
    |ap_enable_reg_pp0_iter8            |    1|   0|    1|          0|
    |ap_enable_reg_pp0_iter9            |    1|   0|    1|          0|
    |p_read_10_reg_11669                |  128|   0|  128|          0|
    |p_read_10_reg_11669_pp0_iter1_reg  |  128|   0|  128|          0|
    |p_read_1_reg_11624                 |  128|   0|  128|          0|
    |p_read_2_reg_11629                 |  128|   0|  128|          0|
    |p_read_3_reg_11634                 |  128|   0|  128|          0|
    |p_read_4_reg_11639                 |  128|   0|  128|          0|
    |p_read_5_reg_11644                 |  128|   0|  128|          0|
    |p_read_6_reg_11649                 |  128|   0|  128|          0|
    |p_read_7_reg_11654                 |  128|   0|  128|          0|
    |p_read_8_reg_11659                 |  128|   0|  128|          0|
    |p_read_9_reg_11664                 |  128|   0|  128|          0|
    |tmp_1_V_10_reg_11760               |    8|   0|    8|          0|
    |tmp_1_V_11_reg_12016               |    8|   0|    8|          0|
    |tmp_1_V_12_reg_12272               |    8|   0|    8|          0|
    |tmp_1_V_13_reg_12528               |    8|   0|    8|          0|
    |tmp_1_V_14_reg_12784               |    8|   0|    8|          0|
    |tmp_1_V_15_reg_13040               |    8|   0|    8|          0|
    |tmp_1_V_16_reg_13296               |    8|   0|    8|          0|
    |tmp_1_V_17_reg_13552               |    8|   0|    8|          0|
    |tmp_1_V_18_reg_13808               |    8|   0|    8|          0|
    |tmp_2_1_V_10_reg_11766             |    8|   0|    8|          0|
    |tmp_2_1_V_11_reg_12022             |    8|   0|    8|          0|
    |tmp_2_1_V_12_reg_12278             |    8|   0|    8|          0|
    |tmp_2_1_V_13_reg_12534             |    8|   0|    8|          0|
    |tmp_2_1_V_14_reg_12790             |    8|   0|    8|          0|
    |tmp_2_1_V_15_reg_13046             |    8|   0|    8|          0|
    |tmp_2_1_V_16_reg_13302             |    8|   0|    8|          0|
    |tmp_2_1_V_17_reg_13558             |    8|   0|    8|          0|
    |tmp_2_1_V_18_reg_13814             |    8|   0|    8|          0|
    |tmp_2_2_V_10_reg_11790             |    8|   0|    8|          0|
    |tmp_2_2_V_11_reg_12046             |    8|   0|    8|          0|
    |tmp_2_2_V_12_reg_12302             |    8|   0|    8|          0|
    |tmp_2_2_V_13_reg_12558             |    8|   0|    8|          0|
    |tmp_2_2_V_14_reg_12814             |    8|   0|    8|          0|
    |tmp_2_2_V_15_reg_13070             |    8|   0|    8|          0|
    |tmp_2_2_V_16_reg_13326             |    8|   0|    8|          0|
    |tmp_2_2_V_17_reg_13582             |    8|   0|    8|          0|
    |tmp_2_2_V_18_reg_13838             |    8|   0|    8|          0|
    |tmp_3_V_10_reg_11844               |    8|   0|    8|          0|
    |tmp_3_V_11_reg_12100               |    8|   0|    8|          0|
    |tmp_3_V_12_reg_12356               |    8|   0|    8|          0|
    |tmp_3_V_13_reg_12612               |    8|   0|    8|          0|
    |tmp_3_V_14_reg_12868               |    8|   0|    8|          0|
    |tmp_3_V_15_reg_13124               |    8|   0|    8|          0|
    |tmp_3_V_16_reg_13380               |    8|   0|    8|          0|
    |tmp_3_V_17_reg_13636               |    8|   0|    8|          0|
    |tmp_3_V_18_reg_13892               |    8|   0|    8|          0|
    |tmp_V_100_reg_13314                |    8|   0|    8|          0|
    |tmp_V_101_reg_13344                |    8|   0|    8|          0|
    |tmp_V_102_reg_13374                |    8|   0|    8|          0|
    |tmp_V_103_reg_13308                |    8|   0|    8|          0|
    |tmp_V_104_reg_13338                |    8|   0|    8|          0|
    |tmp_V_105_reg_13368                |    8|   0|    8|          0|
    |tmp_V_107_reg_13332                |    8|   0|    8|          0|
    |tmp_V_108_reg_13362                |    8|   0|    8|          0|
    |tmp_V_111_reg_13356                |    8|   0|    8|          0|
    |tmp_V_112_reg_13546                |    8|   0|    8|          0|
    |tmp_V_113_reg_13576                |    8|   0|    8|          0|
    |tmp_V_114_reg_13606                |    8|   0|    8|          0|
    |tmp_V_116_reg_13570                |    8|   0|    8|          0|
    |tmp_V_117_reg_13600                |    8|   0|    8|          0|
    |tmp_V_118_reg_13630                |    8|   0|    8|          0|
    |tmp_V_119_reg_13564                |    8|   0|    8|          0|
    |tmp_V_11_reg_11796                 |    8|   0|    8|          0|
    |tmp_V_120_reg_13594                |    8|   0|    8|          0|
    |tmp_V_121_reg_13624                |    8|   0|    8|          0|
    |tmp_V_123_reg_13588                |    8|   0|    8|          0|
    |tmp_V_124_reg_13618                |    8|   0|    8|          0|
    |tmp_V_127_reg_13612                |    8|   0|    8|          0|
    |tmp_V_128_reg_13802                |    8|   0|    8|          0|
    |tmp_V_129_reg_13832                |    8|   0|    8|          0|
    |tmp_V_12_reg_11826                 |    8|   0|    8|          0|
    |tmp_V_130_reg_13862                |    8|   0|    8|          0|
    |tmp_V_132_reg_13826                |    8|   0|    8|          0|
    |tmp_V_133_reg_13856                |    8|   0|    8|          0|
    |tmp_V_134_reg_13886                |    8|   0|    8|          0|
    |tmp_V_135_reg_13820                |    8|   0|    8|          0|
    |tmp_V_136_reg_13850                |    8|   0|    8|          0|
    |tmp_V_137_reg_13880                |    8|   0|    8|          0|
    |tmp_V_139_reg_13844                |    8|   0|    8|          0|
    |tmp_V_140_reg_13874                |    8|   0|    8|          0|
    |tmp_V_143_reg_13868                |    8|   0|    8|          0|
    |tmp_V_15_reg_11820                 |    8|   0|    8|          0|
    |tmp_V_16_reg_12010                 |    8|   0|    8|          0|
    |tmp_V_17_reg_12040                 |    8|   0|    8|          0|
    |tmp_V_18_reg_12070                 |    8|   0|    8|          0|
    |tmp_V_1_reg_11784                  |    8|   0|    8|          0|
    |tmp_V_20_reg_12034                 |    8|   0|    8|          0|
    |tmp_V_21_reg_12064                 |    8|   0|    8|          0|
    |tmp_V_22_reg_12094                 |    8|   0|    8|          0|
    |tmp_V_23_reg_12028                 |    8|   0|    8|          0|
    |tmp_V_24_reg_12058                 |    8|   0|    8|          0|
    |tmp_V_25_reg_12088                 |    8|   0|    8|          0|
    |tmp_V_27_reg_12052                 |    8|   0|    8|          0|
    |tmp_V_28_reg_12082                 |    8|   0|    8|          0|
    |tmp_V_2_reg_11814                  |    8|   0|    8|          0|
    |tmp_V_31_reg_12076                 |    8|   0|    8|          0|
    |tmp_V_32_reg_12266                 |    8|   0|    8|          0|
    |tmp_V_33_reg_12296                 |    8|   0|    8|          0|
    |tmp_V_34_reg_12326                 |    8|   0|    8|          0|
    |tmp_V_36_reg_12290                 |    8|   0|    8|          0|
    |tmp_V_37_reg_12320                 |    8|   0|    8|          0|
    |tmp_V_38_reg_12350                 |    8|   0|    8|          0|
    |tmp_V_39_reg_12284                 |    8|   0|    8|          0|
    |tmp_V_40_reg_12314                 |    8|   0|    8|          0|
    |tmp_V_41_reg_12344                 |    8|   0|    8|          0|
    |tmp_V_43_reg_12308                 |    8|   0|    8|          0|
    |tmp_V_44_reg_12338                 |    8|   0|    8|          0|
    |tmp_V_47_reg_12332                 |    8|   0|    8|          0|
    |tmp_V_48_reg_12522                 |    8|   0|    8|          0|
    |tmp_V_49_reg_12552                 |    8|   0|    8|          0|
    |tmp_V_4_reg_11778                  |    8|   0|    8|          0|
    |tmp_V_50_reg_12582                 |    8|   0|    8|          0|
    |tmp_V_52_reg_12546                 |    8|   0|    8|          0|
    |tmp_V_53_reg_12576                 |    8|   0|    8|          0|
    |tmp_V_54_reg_12606                 |    8|   0|    8|          0|
    |tmp_V_55_reg_12540                 |    8|   0|    8|          0|
    |tmp_V_56_reg_12570                 |    8|   0|    8|          0|
    |tmp_V_57_reg_12600                 |    8|   0|    8|          0|
    |tmp_V_59_reg_12564                 |    8|   0|    8|          0|
    |tmp_V_5_reg_11808                  |    8|   0|    8|          0|
    |tmp_V_60_reg_12594                 |    8|   0|    8|          0|
    |tmp_V_63_reg_12588                 |    8|   0|    8|          0|
    |tmp_V_64_reg_12778                 |    8|   0|    8|          0|
    |tmp_V_65_reg_12808                 |    8|   0|    8|          0|
    |tmp_V_66_reg_12838                 |    8|   0|    8|          0|
    |tmp_V_68_reg_12802                 |    8|   0|    8|          0|
    |tmp_V_69_reg_12832                 |    8|   0|    8|          0|
    |tmp_V_6_reg_11838                  |    8|   0|    8|          0|
    |tmp_V_70_reg_12862                 |    8|   0|    8|          0|
    |tmp_V_71_reg_12796                 |    8|   0|    8|          0|
    |tmp_V_72_reg_12826                 |    8|   0|    8|          0|
    |tmp_V_73_reg_12856                 |    8|   0|    8|          0|
    |tmp_V_75_reg_12820                 |    8|   0|    8|          0|
    |tmp_V_76_reg_12850                 |    8|   0|    8|          0|
    |tmp_V_79_reg_12844                 |    8|   0|    8|          0|
    |tmp_V_7_reg_11772                  |    8|   0|    8|          0|
    |tmp_V_80_reg_13034                 |    8|   0|    8|          0|
    |tmp_V_81_reg_13064                 |    8|   0|    8|          0|
    |tmp_V_82_reg_13094                 |    8|   0|    8|          0|
    |tmp_V_84_reg_13058                 |    8|   0|    8|          0|
    |tmp_V_85_reg_13088                 |    8|   0|    8|          0|
    |tmp_V_86_reg_13118                 |    8|   0|    8|          0|
    |tmp_V_87_reg_13052                 |    8|   0|    8|          0|
    |tmp_V_88_reg_13082                 |    8|   0|    8|          0|
    |tmp_V_89_reg_13112                 |    8|   0|    8|          0|
    |tmp_V_8_reg_11802                  |    8|   0|    8|          0|
    |tmp_V_91_reg_13076                 |    8|   0|    8|          0|
    |tmp_V_92_reg_13106                 |    8|   0|    8|          0|
    |tmp_V_95_reg_13100                 |    8|   0|    8|          0|
    |tmp_V_96_reg_13290                 |    8|   0|    8|          0|
    |tmp_V_97_reg_13320                 |    8|   0|    8|          0|
    |tmp_V_98_reg_13350                 |    8|   0|    8|          0|
    |tmp_V_9_reg_11832                  |    8|   0|    8|          0|
    |tmp_V_reg_11754                    |    8|   0|    8|          0|
    |p_read_1_reg_11624                 |   64|  32|  128|          0|
    |p_read_2_reg_11629                 |   64|  32|  128|          0|
    |p_read_3_reg_11634                 |   64|  32|  128|          0|
    |p_read_4_reg_11639                 |   64|  32|  128|          0|
    |p_read_5_reg_11644                 |   64|  32|  128|          0|
    |p_read_6_reg_11649                 |   64|  32|  128|          0|
    |p_read_7_reg_11654                 |   64|  32|  128|          0|
    |p_read_8_reg_11659                 |   64|  32|  128|          0|
    |p_read_9_reg_11664                 |   64|  32|  128|          0|
    +-----------------------------------+-----+----+-----+-----------+
    |Total                              | 3156| 288| 3732|          0|
    +-----------------------------------+-----+----+-----+-----------+



================================================================
== Interface
================================================================
* Summary: 
+-----------+-----+-----+------------+--------------+--------------+
| RTL Ports | Dir | Bits|  Protocol  | Source Object|    C Type    |
+-----------+-----+-----+------------+--------------+--------------+
|ap_clk     |   in|    1|  ap_ctrl_hs|       process|  return value|
|ap_rst     |   in|    1|  ap_ctrl_hs|       process|  return value|
|ap_start   |   in|    1|  ap_ctrl_hs|       process|  return value|
|ap_done    |  out|    1|  ap_ctrl_hs|       process|  return value|
|ap_idle    |  out|    1|  ap_ctrl_hs|       process|  return value|
|ap_ready   |  out|    1|  ap_ctrl_hs|       process|  return value|
|ap_ce      |   in|    1|  ap_ctrl_hs|       process|  return value|
|ap_return  |  out|  128|  ap_ctrl_hs|       process|  return value|
|p_read     |   in|  128|     ap_none|        p_read|        scalar|
|p_read1    |   in|  128|     ap_none|       p_read1|        scalar|
|p_read2    |   in|  128|     ap_none|       p_read2|        scalar|
|p_read3    |   in|  128|     ap_none|       p_read3|        scalar|
|p_read4    |   in|  128|     ap_none|       p_read4|        scalar|
|p_read5    |   in|  128|     ap_none|       p_read5|        scalar|
|p_read6    |   in|  128|     ap_none|       p_read6|        scalar|
|p_read7    |   in|  128|     ap_none|       p_read7|        scalar|
|p_read8    |   in|  128|     ap_none|       p_read8|        scalar|
|p_read9    |   in|  128|     ap_none|       p_read9|        scalar|
|p_read10   |   in|  128|     ap_none|      p_read10|        scalar|
|plaintext  |   in|  128|     ap_none|     plaintext|        scalar|
+-----------+-----+-----+------------+--------------+--------------+

